Component: ARM Compiler 5.06 update 7 (build 960) Tool: armlink [4d3601]

==============================================================================

Section Cross References

    startup_stm32f407xx.o(RESET) refers to startup_stm32f407xx.o(STACK) for __initial_sp
    startup_stm32f407xx.o(RESET) refers to startup_stm32f407xx.o(.text) for Reset_Handler
    startup_stm32f407xx.o(RESET) refers to stm32f4xx_it.o(i.NMI_Handler) for NMI_Handler
    startup_stm32f407xx.o(RESET) refers to stm32f4xx_it.o(i.HardFault_Handler) for HardFault_Handler
    startup_stm32f407xx.o(RESET) refers to stm32f4xx_it.o(i.MemManage_Handler) for MemManage_Handler
    startup_stm32f407xx.o(RESET) refers to stm32f4xx_it.o(i.BusFault_Handler) for BusFault_Handler
    startup_stm32f407xx.o(RESET) refers to stm32f4xx_it.o(i.UsageFault_Handler) for UsageFault_Handler
    startup_stm32f407xx.o(RESET) refers to stm32f4xx_it.o(i.SVC_Handler) for SVC_Handler
    startup_stm32f407xx.o(RESET) refers to stm32f4xx_it.o(i.DebugMon_Handler) for DebugMon_Handler
    startup_stm32f407xx.o(RESET) refers to stm32f4xx_it.o(i.PendSV_Handler) for PendSV_Handler
    startup_stm32f407xx.o(RESET) refers to stm32f4xx_it.o(i.SysTick_Handler) for SysTick_Handler
    startup_stm32f407xx.o(.text) refers to system_stm32f4xx.o(i.SystemInit) for SystemInit
    startup_stm32f407xx.o(.text) refers to entry.o(.ARM.Collect$$$$00000000) for __main
    main.o(i.SystemClock_Config) refers to memseta.o(.text) for __aeabi_memclr4
    main.o(i.SystemClock_Config) refers to stm32f4xx_hal_rcc.o(i.HAL_RCC_OscConfig) for HAL_RCC_OscConfig
    main.o(i.SystemClock_Config) refers to stm32f4xx_hal_rcc.o(i.HAL_RCC_ClockConfig) for HAL_RCC_ClockConfig
    main.o(i.main) refers to stm32f4xx_hal.o(i.HAL_Init) for HAL_Init
    main.o(i.main) refers to main.o(i.SystemClock_Config) for SystemClock_Config
    main.o(i.main) refers to gpio.o(i.MX_GPIO_Init) for MX_GPIO_Init
    main.o(i.main) refers to usart.o(i.MX_USART1_UART_Init) for MX_USART1_UART_Init
    main.o(i.main) refers to lwip.o(i.MX_LWIP_Init) for MX_LWIP_Init
    main.o(i.main) refers to printf3.o(i.__0printf$3) for __2printf
    main.o(i.main) refers to ip4_addr.o(i.ip4addr_ntoa) for ip4addr_ntoa
    main.o(i.main) refers to tcpserver.o(i.tcp_server_init) for tcp_server_init
    main.o(i.main) refers to stm32f4xx_hal.o(i.HAL_Delay) for HAL_Delay
    main.o(i.main) refers to tcpclient.o(i.tcp_client_init) for tcp_client_init
    main.o(i.main) refers to lwip.o(i.MX_LWIP_Process) for MX_LWIP_Process
    main.o(i.main) refers to stm32f4xx_hal.o(i.HAL_GetTick) for HAL_GetTick
    main.o(i.main) refers to stm32f4xx_hal_gpio.o(i.HAL_GPIO_TogglePin) for HAL_GPIO_TogglePin
    main.o(i.main) refers to tcpclient.o(i.tcp_client_is_connected) for tcp_client_is_connected
    main.o(i.main) refers to printf3.o(i.__0snprintf$3) for __2snprintf
    main.o(i.main) refers to tcpclient.o(i.tcp_client_send_data) for tcp_client_send_data
    main.o(i.main) refers to lwip.o(.bss) for gnetif
    main.o(i.main) refers to main.o(.data) for .data
    gpio.o(i.MX_GPIO_Init) refers to memseta.o(.text) for __aeabi_memclr4
    gpio.o(i.MX_GPIO_Init) refers to stm32f4xx_hal_gpio.o(i.HAL_GPIO_WritePin) for HAL_GPIO_WritePin
    gpio.o(i.MX_GPIO_Init) refers to stm32f4xx_hal_gpio.o(i.HAL_GPIO_Init) for HAL_GPIO_Init
    usart.o(i.HAL_UART_MspDeInit) refers to stm32f4xx_hal_gpio.o(i.HAL_GPIO_DeInit) for HAL_GPIO_DeInit
    usart.o(i.HAL_UART_MspInit) refers to memseta.o(.text) for __aeabi_memclr4
    usart.o(i.HAL_UART_MspInit) refers to stm32f4xx_hal_gpio.o(i.HAL_GPIO_Init) for HAL_GPIO_Init
    usart.o(i.MX_USART1_UART_Init) refers to stm32f4xx_hal_uart.o(i.HAL_UART_Init) for HAL_UART_Init
    usart.o(i.MX_USART1_UART_Init) refers to main.o(i.Error_Handler) for Error_Handler
    usart.o(i.MX_USART1_UART_Init) refers to usart.o(.bss) for .bss
    usart.o(i.fputc) refers to stm32f4xx_hal_uart.o(i.HAL_UART_Transmit) for HAL_UART_Transmit
    usart.o(i.fputc) refers to usart.o(.bss) for .bss
    stm32f4xx_it.o(i.SysTick_Handler) refers to stm32f4xx_hal.o(i.HAL_IncTick) for HAL_IncTick
    stm32f4xx_hal_rcc.o(i.HAL_RCC_ClockConfig) refers to stm32f4xx_hal.o(i.HAL_GetTick) for HAL_GetTick
    stm32f4xx_hal_rcc.o(i.HAL_RCC_ClockConfig) refers to stm32f4xx_hal_rcc.o(i.HAL_RCC_GetSysClockFreq) for HAL_RCC_GetSysClockFreq
    stm32f4xx_hal_rcc.o(i.HAL_RCC_ClockConfig) refers to stm32f4xx_hal.o(i.HAL_InitTick) for HAL_InitTick
    stm32f4xx_hal_rcc.o(i.HAL_RCC_ClockConfig) refers to system_stm32f4xx.o(.constdata) for AHBPrescTable
    stm32f4xx_hal_rcc.o(i.HAL_RCC_ClockConfig) refers to system_stm32f4xx.o(.data) for SystemCoreClock
    stm32f4xx_hal_rcc.o(i.HAL_RCC_ClockConfig) refers to stm32f4xx_hal.o(.data) for uwTickPrio
    stm32f4xx_hal_rcc.o(i.HAL_RCC_GetHCLKFreq) refers to system_stm32f4xx.o(.data) for SystemCoreClock
[...]
    .data                                    0x20000104   Section        4  tcpserver.o(.data)
    g_server_pcb                             0x20000104   Data           4  tcpserver.o(.data)
    .data                                    0x20000108   Section        4  rand.o(.data)
    _rand_state                              0x20000108   Data           4  rand.o(.data)
    .data                                    0x2000010c   Section        4  stdout.o(.data)
    .bss                                     0x20000110   Section       72  usart.o(.bss)
    .bss                                     0x20000158   Section    18819  ethernetif.o(.bss)
    .bss                                     0x20004adc   Section      584  ethernetif.o(.bss)
    .bss                                     0x20004d24   Section       52  lwip.o(.bss)
    .bss                                     0x20004d58   Section       24  ip.o(.bss)
    .bss                                     0x20004d70   Section     1619  mem.o(.bss)
    .bss                                     0x200053c3   Section      131  memp.o(.bss)
    .bss                                     0x20005446   Section      783  memp.o(.bss)
    .bss                                     0x20005755   Section      227  memp.o(.bss)
    .bss                                     0x20005838   Section      259  memp.o(.bss)
    .bss                                     0x2000593b   Section      163  memp.o(.bss)
    .bss                                     0x200059de   Section      363  memp.o(.bss)
    .bss                                     0x20005b49   Section       51  memp.o(.bss)
    .bss                                     0x20005b7c   Section      259  memp.o(.bss)
    .bss                                     0x20005c7f   Section     9731  memp.o(.bss)
    .bss                                     0x20008284   Section       16  tcp_in.o(.bss)
    inseg                                    0x20008284   Data          16  tcp_in.o(.bss)
    .bss                                     0x20008294   Section      240  etharp.o(.bss)
    arp_table                                0x20008294   Data         240  etharp.o(.bss)
    .bss                                     0x20008384   Section       16  ip4_addr.o(.bss)
    str                                      0x20008384   Data          16  ip4_addr.o(.bss)
    .bss                                     0x20008394   Section       40  tcpserver.o(.bss)
    g_client_pcbs                            0x20008394   Data          40  tcpserver.o(.bss)
    STACK                                    0x200083c0   Section     8192  startup_stm32f407xx.o(STACK)

    Global Symbols

    Symbol Name                              Value     Ov Type        Size  Object(Section)

    BuildAttributes$$THM_ISAv4$E$P$D$K$B$S$7EM$VFPi3$EXTD16$VFPS$VFMA$PE$A:L22UL41UL21$X:L11$S22US41US21$IEEE1$IW$USESV6$~STKCKD$USESV7$~SHL$OSPACE$ROPI$EBA8$MICROLIB$REQ8$PRES8$EABIv2 0x00000000   Number         0  anon$$obj.o ABSOLUTE
    __ARM_use_no_argv                        0x00000000   Number         0  main.o ABSOLUTE
    _printf_a                                0x00000000   Number         0  stubs.o ABSOLUTE
    _printf_c                                0x00000000   Number         0  stubs.o ABSOLUTE
    _printf_charcount                        0x00000000   Number         0  stubs.o ABSOLUTE
    _printf_d                                0x00000000   Number         0  stubs.o ABSOLUTE
    _printf_e                                0x00000000   Number         0  stubs.o ABSOLUTE
    _printf_f                                0x00000000   Number         0  stubs.o ABSOLUTE
    _printf_flags                            0x00000000   Number         0  stubs.o ABSOLUTE
    _printf_fp_dec                           0x00000000   Number         0  stubs.o ABSOLUTE
    _printf_fp_hex                           0x00000000   Number         0  stubs.o ABSOLUTE
    _printf_g                                0x00000000   Number         0  stubs.o ABSOLUTE
    _printf_i                                0x00000000   Number         0  stubs.o ABSOLUTE
    _printf_int_dec                          0x00000000   Number         0  stubs.o ABSOLUTE
    _printf_l                                0x00000000   Number         0  stubs.o ABSOLUTE
    _printf_lc                               0x00000000   Number         0  stubs.o ABSOLUTE
    _printf_ll                               0x00000000   Number         0  stubs.o ABSOLUTE
    _printf_lld                              0x00000000   Number         0  stubs.o ABSOLUTE
    _printf_lli                              0x00000000   Number         0  stubs.o ABSOLUTE
    _printf_llo                              0x00000000   Number         0  stubs.o ABSOLUTE
    _printf_llu                              0x00000000   Number         0  stubs.o ABSOLUTE
    _printf_llx                              0x00000000   Number         0  stubs.o ABSOLUTE
    _printf_longlong_dec                     0x00000000   Number         0  stubs.o ABSOLUTE
    _printf_longlong_hex                     0x00000000   Number         0  stubs.o ABSOLUTE
    _printf_longlong_oct                     0x00000000   Number         0  stubs.o ABSOLUTE
    _printf_ls                               0x00000000   Number         0  stubs.o ABSOLUTE
    _printf_mbtowc                           0x00000000   Number         0  stubs.o ABSOLUTE
    _printf_n                                0x00000000   Number         0  stubs.o ABSOLUTE
    _printf_o                                0x00000000   Number         0  stubs.o ABSOLUTE
    _printf_p                                0x00000000   Number         0  stubs.o ABSOLUTE
    _printf_percent                          0x00000000   Number         0  stubs.o ABSOLUTE
    _printf_pre_padding                      0x00000000   Number         0  stubs.o ABSOLUTE
    _printf_return_value                     0x00000000   Number         0  stubs.o ABSOLUTE
    _printf_s                                0x00000000   Number         0  stubs.o ABSOLUTE
    _printf_sizespec                         0x00000000   Number         0  stubs.o ABSOLUTE
    _printf_str                              0x00000000   Number         0  stubs.o ABSOLUTE
    _printf_truncate_signed                  0x00000000   Number         0  stubs.o ABSOLUTE
    _printf_truncate_unsigned                0x00000000   Number         0  stubs.o ABSOLUTE
    _printf_u                                0x00000000   Number         0  stubs.o ABSOLUTE
    _printf_wc                               0x00000000   Number         0  stubs.o ABSOLUTE
    _printf_wctomb                           0x00000000   Number         0  stubs.o ABSOLUTE
    _printf_widthprec                        0x00000000   Number         0  stubs.o ABSOLUTE
    _printf_x                                0x00000000   Number         0  stubs.o ABSOLUTE
    __arm_fini_                               - Undefined Weak Reference
    __cpp_initialize__aeabi_                  - Undefined Weak Reference
    __cxa_finalize                            - Undefined Weak Reference
    __decompress                              - Undefined Weak Reference
    _clock_init                               - Undefined Weak Reference
    _microlib_exit                            - Undefined Weak Reference
    __Vectors_Size                           0x00000188   Number         0  startup_stm32f407xx.o ABSOLUTE
    __Vectors                                0x08000000   Data           4  startup_stm32f407xx.o(RESET)
    __Vectors_End                            0x08000188   Data           0  startup_stm32f407xx.o(RESET)
    __main                                   0x08000189   Thumb Code     0  entry.o(.ARM.Collect$$$$00000000)
    _main_stk                                0x08000189   Thumb Code     0  entry2.o(.ARM.Collect$$$$00000001)
    _main_scatterload                        0x0800018d   Thumb Code     0  entry5.o(.ARM.Collect$$$$00000004)
    __main_after_scatterload                 0x08000191   Thumb Code     0  entry5.o(.ARM.Collect$$$$00000004)
    _main_clock                              0x08000191   Thumb Code     0  entry7b.o(.ARM.Collect$$$$00000008)
    _main_cpp_init                           0x08000191   Thumb Code     0  entry8b.o(.ARM.Collect$$$$0000000A)
    _main_init                               0x08000191   Thumb Code     0  entry9a.o(.ARM.Collect$$$$0000000B)
    __rt_lib_shutdown_fini                   0x08000199   Thumb Code     0  entry12b.o(.ARM.Collect$$$$0000000E)
    __rt_final_cpp                           0x0800019d   Thumb Code     0  entry10a.o(.ARM.Collect$$$$0000000F)
    __rt_final_exit                          0x0800019d   Thumb Code     0  entry11a.o(.ARM.Collect$$$$00000011)
    Reset_Handler                            0x080001a1   Thumb Code     8  startup_stm32f407xx.o(.text)
    ADC_IRQHandler                           0x080001bb   Thumb Code     0  startup_stm32f407xx.o(.text)
    CAN1_RX0_IRQHandler                      0x080001bb   Thumb Code     0  startup_stm32f407xx.o(.text)
    CAN1_RX1_IRQHandler                      0x080001bb   Thumb Code     0  startup_stm32f407xx.o(.text)
    CAN1_SCE_IRQHandler                      0x080001bb   Thumb Code     0  startup_stm32f407xx.o(.text)
    CAN1_TX_IRQHandler                       0x080001bb   Thumb Code     0  startup_stm32f407xx.o(.text)
    CAN2_RX0_IRQHandler                      0x080001bb   Thumb Code     0  startup_stm32f407xx.o(.text)
    CAN2_RX1_IRQHandler                      0x080001bb   Thumb Code     0  startup_stm32f407xx.o(.text)
    CAN2_SCE_IRQHandler                      0x080001bb   Thumb Code     0  startup_stm32f407xx.o(.text)
    CAN2_TX_IRQHandler                       0x080001bb   Thumb Code     0  startup_stm32f407xx.o(.text)
    DCMI_IRQHandler                          0x080001bb   Thumb Code     0  startup_stm32f407xx.o(.text)
    DMA1_Stream0_IRQHandler                  0x080001bb   Thumb Code     0  startup_stm32f407xx.o(.text)
    DMA1_Stream1_IRQHandler                  0x080001bb   Thumb Code     0  startup_stm32f407xx.o(.text)
    DMA1_Stream2_IRQHandler                  0x080001bb   Thumb Code     0  startup_stm32f407xx.o(.text)
    DMA1_Stream3_IRQHandler                  0x080001bb   Thumb Code     0  startup_stm32f407xx.o(.text)
    DMA1_Stream4_IRQHandler                  0x080001bb   Thumb Code     0  startup_stm32f407xx.o(.text)
    DMA1_Stream5_IRQHandler                  0x080001bb   Thumb Code     0  startup_stm32f407xx.o(.text)
    DMA1_Stream6_IRQHandler                  0x080001bb   Thumb Code     0  startup_stm32f407xx.o(.text)
    DMA1_Stream7_IRQHandler                  0x080001bb   Thumb Code     0  startup_stm32f407xx.o(.text)
    DMA2_Stream0_IRQHandler                  0x080001bb   Thumb Code     0  startup_stm32f407xx.o(.text)
    DMA2_Stream1_IRQHandler                  0x080001bb   Thumb Code     0  startup_stm32f407xx.o(.text)
    DMA2_Stream2_IRQHandler                  0x080001bb   Thumb Code     0  startup_stm32f407xx.o(.text)
    DMA2_Stream3_IRQHandler                  0x080001bb   Thumb Code     0  startup_stm32f407xx.o(.text)
    DMA2_Stream4_IRQHandler                  0x080001bb   Thumb Code     0  startup_stm32f407xx.o(.text)
    DMA2_Stream5_IRQHandler                  0x080001bb   Thumb Code     0  startup_stm32f407xx.o(.text)
    DMA2_Stream6_IRQHandler                  0x080001bb   Thumb Code     0  startup_stm32f407xx.o(.text)
    DMA2_Stream7_IRQHandler                  0x080001bb   Thumb Code     0  startup_stm32f407xx.o(.text)
    ETH_IRQHandler                           0x080001bb   Thumb Code     0  startup_stm32f407xx.o(.text)
    ETH_WKUP_IRQHandler                      0x080001bb   Thumb Code     0  startup_stm32f407xx.o(.text)
    EXTI0_IRQHandler                         0x080001bb   Thumb Code     0  startup_stm32f407xx.o(.text)
    EXTI15_10_IRQHandler                     0x080001bb   Thumb Code     0  startup_stm32f407xx.o(.text)
    EXTI1_IRQHandler                         0x080001bb   Thumb Code     0  startup_stm32f407xx.o(.text)
    EXTI2_IRQHandler                         0x080001bb   Thumb Code     0  startup_stm32f407xx.o(.text)
    EXTI3_IRQHandler                         0x080001bb   Thumb Code     0  startup_stm32f407xx.o(.text)
    EXTI4_IRQHandler                         0x080001bb   Thumb Code     0  startup_stm32f407xx.o(.text)
    EXTI9_5_IRQHandler                       0x080001bb   Thumb Code     0  startup_stm32f407xx.o(.text)
    FLASH_IRQHandler                         0x080001bb   Thumb Code     0  startup_stm32f407xx.o(.text)
    FMC_IRQHandler                           0x080001bb   Thumb Code     0  startup_stm32f407xx.o(.text)
    FPU_IRQHandler                           0x080001bb   Thumb Code     0  startup_stm32f407xx.o(.text)
    HASH_RNG_IRQHandler                      0x080001bb   Thumb Code     0  startup_stm32f407xx.o(.text)
    I2C1_ER_IRQHandler                       0x080001bb   Thumb Code     0  startup_stm32f407xx.o(.text)
    I2C1_EV_IRQHandler                       0x080001bb   Thumb Code     0  startup_stm32f407xx.o(.text)
    I2C2_ER_IRQHandler                       0x080001bb   Thumb Code     0  startup_stm32f407xx.o(.text)
    I2C2_EV_IRQHandler                       0x080001bb   Thumb Code     0  startup_stm32f407xx.o(.text)
    I2C3_ER_IRQHandler                       0x080001bb   Thumb Code     0  startup_stm32f407xx.o(.text)
    I2C3_EV_IRQHandler                       0x080001bb   Thumb Code     0  startup_stm32f407xx.o(.text)
    OTG_FS_IRQHandler                        0x080001bb   Thumb Code     0  startup_stm32f407xx.o(.text)
    OTG_FS_WKUP_IRQHandler                   0x080001bb   Thumb Code     0  startup_stm32f407xx.o(.text)
    OTG_HS_EP1_IN_IRQHandler                 0x080001bb   Thumb Code     0  startup_stm32f407xx.o(.text)
    OTG_HS_EP1_OUT_IRQHandler                0x080001bb   Thumb Code     0  startup_stm32f407xx.o(.text)
    OTG_HS_IRQHandler                        0x080001bb   Thumb Code     0  startup_stm32f407xx.o(.text)
    OTG_HS_WKUP_IRQHandler                   0x080001bb   Thumb Code     0  startup_stm32f407xx.o(.text)
    PVD_IRQHandler                           0x080001bb   Thumb Code     0  startup_stm32f407xx.o(.text)
    RCC_IRQHandler                           0x080001bb   Thumb Code     0  startup_stm32f407xx.o(.text)
    RTC_Alarm_IRQHandler                     0x080001bb   Thumb Code     0  startup_stm32f407xx.o(.text)
    RTC_WKUP_IRQHandler                      0x080001bb   Thumb Code     0  startup_stm32f407xx.o(.text)
    SDIO_IRQHandler                          0x080001bb   Thumb Code     0  startup_stm32f407xx.o(.text)
    SPI1_IRQHandler                          0x080001bb   Thumb Code     0  startup_stm32f407xx.o(.text)
    SPI2_IRQHandler                          0x080001bb   Thumb Code     0  startup_stm32f407xx.o(.text)
    SPI3_IRQHandler                          0x080001bb   Thumb Code     0  startup_stm32f407xx.o(.text)
    TAMP_STAMP_IRQHandler                    0x080001bb   Thumb Code     0  startup_stm32f407xx.o(.text)
    TIM1_BRK_TIM9_IRQHandler                 0x080001bb   Thumb Code     0  startup_stm32f407xx.o(.text)
    TIM1_CC_IRQHandler                       0x080001bb   Thumb Code     0  startup_stm32f407xx.o(.text)
    TIM1_TRG_COM_TIM11_IRQHandler            0x080001bb   Thumb Code     0  startup_stm32f407xx.o(.text)
    TIM1_UP_TIM10_IRQHandler                 0x080001bb   Thumb Code     0  startup_stm32f407xx.o(.text)
    TIM2_IRQHandler                          0x080001bb   Thumb Code     0  startup_stm32f407xx.o(.text)
    TIM3_IRQHandler                          0x080001bb   Thumb Code     0  startup_stm32f407xx.o(.text)
    TIM4_IRQHandler                          0x080001bb   Thumb Code     0  startup_stm32f407xx.o(.text)
    TIM5_IRQHandler                          0x080001bb   Thumb Code     0  startup_stm32f407xx.o(.text)
    TIM6_DAC_IRQHandler                      0x080001bb   Thumb Code     0  startup_stm32f407xx.o(.text)
    TIM7_IRQHandler                          0x080001bb   Thumb Code     0  startup_stm32f407xx.o(.text)
    TIM8_BRK_TIM12_IRQHandler                0x080001bb   Thumb Code     0  startup_stm32f407xx.o(.text)
    TIM8_CC_IRQHandler                       0x080001bb   Thumb Code     0  startup_stm32f407xx.o(.text)
    TIM8_TRG_COM_TIM14_IRQHandler            0x080001bb   Thumb Code     0  startup_stm32f407xx.o(.text)
    TIM8_UP_TIM13_IRQHandler                 0x080001bb   Thumb Code     0  startup_stm32f407xx.o(.text)
    UART4_IRQHandler                         0x080001bb   Thumb Code     0  startup_stm32f407xx.o(.text)
    UART5_IRQHandler                         0x080001bb   Thumb Code     0  startup_stm32f407xx.o(.text)
    USART1_IRQHandler                        0x080001bb   Thumb Code     0  startup_stm32f407xx.o(.text)
    USART2_IRQHandler                        0x080001bb   Thumb Code     0  startup_stm32f407xx.o(.text)
    USART3_IRQHandler                        0x080001bb   Thumb Code     0  startup_stm32f407xx.o(.text)
    USART6_IRQHandler                        0x080001bb   Thumb Code     0  startup_stm32f407xx.o(.text)
    WWDG_IRQHandler                          0x080001bb   Thumb Code     0  startup_stm32f407xx.o(.text)
    __aeabi_uldivmod                         0x080001c5   Thumb Code    98  uldiv.o(.text)
    __rt_ctype_table                         0x08000229   Thumb Code     4  ctype_o.o(.text)
    rand                                     0x08000231   Thumb Code    20  rand.o(.text)
    srand                                    0x08000245   Thumb Code     6  rand.o(.text)
    ___aeabi_memcpy4$move                    0x08000255   Thumb Code     0  memmovea.o(.text)
    ___aeabi_memcpy8$move                    0x08000255   Thumb Code     0  memmovea.o(.text)
    __aeabi_memcpy                           0x08000255   Thumb Code    64  memmovea.o(.text)
    __aeabi_memmove                          0x08000255   Thumb Code     0  memmovea.o(.text)
    __aeabi_memmove4                         0x08000255   Thumb Code     0  memmovea.o(.text)
    __aeabi_memmove8                         0x08000255   Thumb Code     0  memmovea.o(.text)
    __aeabi_memset                           0x08000295   Thumb Code    14  memseta.o(.text)
    __aeabi_memset4                          0x08000295   Thumb Code     0  memseta.o(.text)
    __aeabi_memset8                          0x08000295   Thumb Code     0  memseta.o(.text)
    __aeabi_memclr                           0x080002a3   Thumb Code     4  memseta.o(.text)
    __aeabi_memclr4                          0x080002a3   Thumb Code     0  memseta.o(.text)
    __aeabi_memclr8                          0x080002a3   Thumb Code     0  memseta.o(.text)
    _memset$wrapper                          0x080002a7   Thumb Code    18  memseta.o(.text)
    strlen                                   0x080002b9   Thumb Code    14  strlen.o(.text)
    memcmp                                   0x080002c7   Thumb Code    26  memcmp.o(.text)
    __aeabi_uidiv                            0x080002e1   Thumb Code     0  uidiv.o(.text)
    __aeabi_uidivmod                         0x080002e1   Thumb Code    44  uidiv.o(.text)
    __aeabi_llsl                             0x0800030d   Thumb Code    30  llshl.o(.text)
    _ll_shift_l                              0x0800030d   Thumb Code     0  llshl.o(.text)
    __aeabi_llsr                             0x0800032b   Thumb Code    32  llushr.o(.text)
    _ll_ushift_r                             0x0800032b   Thumb Code     0  llushr.o(.text)
    __scatterload                            0x0800034d   Thumb Code    28  init.o(.text)
    __scatterload_rt2                        0x0800034d   Thumb Code     0  init.o(.text)
    BusFault_Handler                         0x08000371   Thumb Code     2  stm32f4xx_it.o(i.BusFault_Handler)
    DebugMon_Handler                         0x08000373   Thumb Code     2  stm32f4xx_it.o(i.DebugMon_Handler)
    ETH_PHY_IO_DeInit                        0x080004ab   Thumb Code     4  ethernetif.o(i.ETH_PHY_IO_DeInit)
    ETH_PHY_IO_GetTick                       0x080004af   Thumb Code     4  ethernetif.o(i.ETH_PHY_IO_GetTick)
    ETH_PHY_IO_Init                          0x080004b5   Thumb Code    12  ethernetif.o(i.ETH_PHY_IO_Init)
    ETH_PHY_IO_ReadReg                       0x080004c5   Thumb Code    24  ethernetif.o(i.ETH_PHY_IO_ReadReg)
    ETH_PHY_IO_WriteReg                      0x080004e1   Thumb Code    24  ethernetif.o(i.ETH_PHY_IO_WriteReg)
    Error_Handler                            0x080008d5   Thumb Code     4  main.o(i.Error_Handler)
    HAL_Delay                                0x080008d9   Thumb Code    32  stm32f4xx_hal.o(i.HAL_Delay)
    HAL_ETH_GetMACConfig                     0x080008fd   Thumb Code   234  stm32f4xx_hal_eth.o(i.HAL_ETH_GetMACConfig)
    HAL_ETH_Init                             0x080009e9   Thumb Code   306  stm32f4xx_hal_eth.o(i.HAL_ETH_Init)
    HAL_ETH_MspInit                          0x08000b2d   Thumb Code   194  ethernetif.o(i.HAL_ETH_MspInit)
    HAL_ETH_ReadData                         0x08000c05   Thumb Code   228  stm32f4xx_hal_eth.o(i.HAL_ETH_ReadData)
    HAL_ETH_ReadPHYRegister                  0x08000ce9   Thumb Code    98  stm32f4xx_hal_eth.o(i.HAL_ETH_ReadPHYRegister)
    HAL_ETH_RxAllocateCallback               0x08000d4d   Thumb Code    58  ethernetif.o(i.HAL_ETH_RxAllocateCallback)
    HAL_ETH_RxLinkCallback                   0x08000d95   Thumb Code    42  ethernetif.o(i.HAL_ETH_RxLinkCallback)
    HAL_ETH_SetMACConfig                     0x08000dbf   Thumb Code    24  stm32f4xx_hal_eth.o(i.HAL_ETH_SetMACConfig)
    HAL_ETH_SetMDIOClockRange                0x08000dd9   Thumb Code    68  stm32f4xx_hal_eth.o(i.HAL_ETH_SetMDIOClockRange)
    HAL_ETH_Start                            0x08000e2d   Thumb Code   124  stm32f4xx_hal_eth.o(i.HAL_ETH_Start)
    HAL_ETH_Stop                             0x08000ea9   Thumb Code   114  stm32f4xx_hal_eth.o(i.HAL_ETH_Stop)
    HAL_ETH_Transmit                         0x08000f1b   Thumb Code   182  stm32f4xx_hal_eth.o(i.HAL_ETH_Transmit)
    HAL_ETH_WritePHYRegister                 0x08000fd1   Thumb Code    86  stm32f4xx_hal_eth.o(i.HAL_ETH_WritePHYRegister)
    HAL_GPIO_Init                            0x08001029   Thumb Code   450  stm32f4xx_hal_gpio.o(i.HAL_GPIO_Init)
    HAL_GPIO_TogglePin                       0x08001219   Thumb Code    16  stm32f4xx_hal_gpio.o(i.HAL_GPIO_TogglePin)
    HAL_GPIO_WritePin                        0x08001229   Thumb Code    10  stm32f4xx_hal_gpio.o(i.HAL_GPIO_WritePin)
    HAL_GetTick                              0x08001235   Thumb Code     6  stm32f4xx_hal.o(i.HAL_GetTick)
    HAL_IncTick                              0x08001241   Thumb Code    12  stm32f4xx_hal.o(i.HAL_IncTick)
    HAL_Init                                 0x08001251   Thumb Code    48  stm32f4xx_hal.o(i.HAL_Init)
    HAL_InitTick                             0x08001285   Thumb Code    54  stm32f4xx_hal.o(i.HAL_InitTick)
    HAL_MspInit                              0x080012c5   Thumb Code    42  stm32f4xx_hal_msp.o(i.HAL_MspInit)
    HAL_NVIC_SetPriority                     0x080012f5   Thumb Code    60  stm32f4xx_hal_cortex.o(i.HAL_NVIC_SetPriority)
    HAL_NVIC_SetPriorityGrouping             0x08001335   Thumb Code    26  stm32f4xx_hal_cortex.o(i.HAL_NVIC_SetPriorityGrouping)
    HAL_RCC_ClockConfig                      0x08001359   Thumb Code   288  stm32f4xx_hal_rcc.o(i.HAL_RCC_ClockConfig)
    HAL_RCC_GetHCLKFreq                      0x0800148d   Thumb Code     6  stm32f4xx_hal_rcc.o(i.HAL_RCC_GetHCLKFreq)
    HAL_RCC_GetPCLK1Freq                     0x08001499   Thumb Code    20  stm32f4xx_hal_rcc.o(i.HAL_RCC_GetPCLK1Freq)
    HAL_RCC_GetPCLK2Freq                     0x080014b9   Thumb Code    20  stm32f4xx_hal_rcc.o(i.HAL_RCC_GetPCLK2Freq)
    HAL_RCC_GetSysClockFreq                  0x080014d9   Thumb Code    88  stm32f4xx_hal_rcc.o(i.HAL_RCC_GetSysClockFreq)
    HAL_RCC_OscConfig                        0x08001539   Thumb Code   856  stm32f4xx_hal_rcc.o(i.HAL_RCC_OscConfig)
    HAL_SYSTICK_Config                       0x080018a5   Thumb Code    40  stm32f4xx_hal_cortex.o(i.HAL_SYSTICK_Config)
    HAL_UART_Init                            0x080018cd   Thumb Code   100  stm32f4xx_hal_uart.o(i.HAL_UART_Init)
    HAL_UART_MspInit                         0x08001931   Thumb Code    94  usart.o(i.HAL_UART_MspInit)
    HAL_UART_Transmit                        0x0800199d   Thumb Code   160  stm32f4xx_hal_uart.o(i.HAL_UART_Transmit)
    HardFault_Handler                        0x08001a3d   Thumb Code     2  stm32f4xx_it.o(i.HardFault_Handler)
    LAN8742_GetLinkState                     0x08001a3f   Thumb Code   148  lan8742.o(i.LAN8742_GetLinkState)
    LAN8742_Init                             0x08001ad3   Thumb Code    96  lan8742.o(i.LAN8742_Init)
    LAN8742_RegisterBusIO                    0x08001b33   Thumb Code    44  lan8742.o(i.LAN8742_RegisterBusIO)
    MX_GPIO_Init                             0x08001b61   Thumb Code   168  gpio.o(i.MX_GPIO_Init)
    MX_LWIP_Init                             0x08001c15   Thumb Code   278  lwip.o(i.MX_LWIP_Init)
    MX_LWIP_Process                          0x08001d41   Thumb Code    46  lwip.o(i.MX_LWIP_Process)
    MX_USART1_UART_Init                      0x08001d79   Thumb Code    48  usart.o(i.MX_USART1_UART_Init)
    MemManage_Handler                        0x08001db1   Thumb Code     2  stm32f4xx_it.o(i.MemManage_Handler)
    NMI_Handler                              0x08001db3   Thumb Code     2  stm32f4xx_it.o(i.NMI_Handler)
    PendSV_Handler                           0x08001db5   Thumb Code     2  stm32f4xx_it.o(i.PendSV_Handler)
    SVC_Handler                              0x08001db7   Thumb Code     2  stm32f4xx_it.o(i.SVC_Handler)
    SysTick_Handler                          0x08001db9   Thumb Code     4  stm32f4xx_it.o(i.SysTick_Handler)
    SystemClock_Config                       0x08001dbd   Thumb Code   138  main.o(i.SystemClock_Config)
    SystemInit                               0x08001e51   Thumb Code    12  system_stm32f4xx.o(i.SystemInit)
    UsageFault_Handler                       0x0800202f   Thumb Code     2  stm32f4xx_it.o(i.UsageFault_Handler)
    __0printf$3                              0x08002031   Thumb Code    22  printf3.o(i.__0printf$3)
    __1printf$3                              0x08002031   Thumb Code     0  printf3.o(i.__0printf$3)
    __2printf                                0x08002031   Thumb Code     0  printf3.o(i.__0printf$3)
    __0snprintf$3                            0x08002051   Thumb Code    48  printf3.o(i.__0snprintf$3)
    __1snprintf$3                            0x08002051   Thumb Code     0  printf3.o(i.__0snprintf$3)
    __2snprintf                              0x08002051   Thumb Code     0  printf3.o(i.__0snprintf$3)
    __scatterload_copy                       0x080020a5   Thumb Code    14  handlers.o(i.__scatterload_copy)
    __scatterload_null                       0x080020b3   Thumb Code     2  handlers.o(i.__scatterload_null)
    __scatterload_zeroinit                   0x080020b5   Thumb Code    14  handlers.o(i.__scatterload_zeroinit)
    etharp_cleanup_netif                     0x080023d5   Thumb Code    40  etharp.o(i.etharp_cleanup_netif)
    etharp_input                             0x08002685   Thumb Code   148  etharp.o(i.etharp_input)
    etharp_output                            0x08002789   Thumb Code   280  etharp.o(i.etharp_output)
    etharp_query                             0x08002a49   Thumb Code   300  etharp.o(i.etharp_query)
    etharp_request                           0x08002da5   Thumb Code     6  etharp.o(i.etharp_request)
    etharp_tmr                               0x08002dd1   Thumb Code    90  etharp.o(i.etharp_tmr)
    ethernet_input                           0x08002f4d   Thumb Code   160  ethernet.o(i.ethernet_input)
    ethernet_link_check_state                0x08002ff1   Thumb Code   142  ethernetif.o(i.ethernet_link_check_state)
    ethernet_output                          0x08003089   Thumb Code    98  ethernet.o(i.ethernet_output)
    ethernetif_init                          0x08003181   Thumb Code    50  ethernetif.o(i.ethernetif_init)
    ethernetif_input                         0x08003211   Thumb Code    50  ethernetif.o(i.ethernetif_input)
    fputc                                    0x0800324d   Thumb Code    20  usart.o(i.fputc)
    icmp_dest_unreach                        0x08003265   Thumb Code     8  icmp.o(i.icmp_dest_unreach)
    icmp_input                               0x0800326d   Thumb Code   280  icmp.o(i.icmp_input)
    icmp_time_exceeded                       0x08003565   Thumb Code     8  icmp.o(i.icmp_time_exceeded)
    ip4_addr_isbroadcast_u32                 0x0800356d   Thumb Code    46  ip4_addr.o(i.ip4_addr_isbroadcast_u32)
    ip4_frag                                 0x0800359d   Thumb Code   426  ip4_frag.o(i.ip4_frag)
    ip4_input                                0x080037fd   Thumb Code   364  ip4.o(i.ip4_input)
    ip4_output_if                            0x0800399d   Thumb Code    30  ip4.o(i.ip4_output_if)
    ip4_output_if_src                        0x080039bd   Thumb Code   214  ip4.o(i.ip4_output_if_src)
    ip4_reass                                0x08003b35   Thumb Code   482  ip4_frag.o(i.ip4_reass)
    ip4_route                                0x08003dbd   Thumb Code    86  ip4.o(i.ip4_route)
    ip4addr_aton                             0x08003e1d   Thumb Code   282  ip4_addr.o(i.ip4addr_aton)
    ip4addr_ntoa                             0x08003fa9   Thumb Code     8  ip4_addr.o(i.ip4addr_ntoa)
    ip4addr_ntoa_r                           0x08003fb5   Thumb Code   120  ip4_addr.o(i.ip4addr_ntoa_r)
    ip_reass_tmr                             0x080045d9   Thumb Code    40  ip4_frag.o(i.ip_reass_tmr)
    lwip_htonl                               0x08004841   Thumb Code     4  def.o(i.lwip_htonl)
    lwip_htons                               0x08004845   Thumb Code     4  def.o(i.lwip_htons)
    lwip_init                                0x08004849   Thumb Code    30  init.o(i.lwip_init)
    main                                     0x08004869   Thumb Code   172  main.o(i.main)
    mem_free                                 0x08004a25   Thumb Code   168  mem.o(i.mem_free)
    mem_init                                 0x08004bc5   Thumb Code    46  mem.o(i.mem_init)
    mem_malloc                               0x08004bfd   Thumb Code   300  mem.o(i.mem_malloc)
    mem_trim                                 0x08004e49   Thumb Code   284  mem.o(i.mem_trim)
    memp_free                                0x0800500d   Thumb Code    34  memp.o(i.memp_free)
    memp_free_pool                           0x080050a9   Thumb Code    26  memp.o(i.memp_free_pool)
    memp_init                                0x08005131   Thumb Code    26  memp.o(i.memp_init)
    memp_init_pool                           0x08005151   Thumb Code    42  memp.o(i.memp_init_pool)
    memp_malloc                              0x0800517d   Thumb Code    38  memp.o(i.memp_malloc)
    memp_malloc_pool                         0x08005221   Thumb Code    30  memp.o(i.memp_malloc_pool)
    netif_add                                0x080052ad   Thumb Code   236  netif.o(i.netif_add)
    netif_get_by_index                       0x0800558d   Thumb Code    34  netif.o(i.netif_get_by_index)
    netif_init                               0x080055b5   Thumb Code     2  netif.o(i.netif_init)
    netif_set_addr                           0x08005681   Thumb Code    90  netif.o(i.netif_set_addr)
    netif_set_default                        0x080056e1   Thumb Code     6  netif.o(i.netif_set_default)
    netif_set_down                           0x080056ed   Thumb Code    42  netif.o(i.netif_set_down)
    netif_set_link_callback                  0x08005795   Thumb Code     8  netif.o(i.netif_set_link_callback)
    netif_set_link_down                      0x0800579d   Thumb Code    42  netif.o(i.netif_set_link_down)
    netif_set_link_up                        0x08005849   Thumb Code    64  netif.o(i.netif_set_link_up)
    netif_set_up                             0x08005909   Thumb Code    40  netif.o(i.netif_set_up)
    pbuf_add_header                          0x080059a9   Thumb Code     6  pbuf.o(i.pbuf_add_header)
    pbuf_alloc                               0x08005a71   Thumb Code   298  pbuf.o(i.pbuf_alloc)
    pbuf_alloc_reference                     0x08005ca5   Thumb Code    68  pbuf.o(i.pbuf_alloc_reference)
    pbuf_alloced_custom                      0x08005d55   Thumb Code    54  pbuf.o(i.pbuf_alloced_custom)
    pbuf_cat                                 0x08005d8d   Thumb Code    96  pbuf.o(i.pbuf_cat)
    pbuf_clen                                0x08005ebd   Thumb Code    18  pbuf.o(i.pbuf_clen)
    pbuf_clone                               0x08005ed1   Thumb Code    48  pbuf.o(i.pbuf_clone)
    pbuf_copy                                0x08005f6d   Thumb Code   232  pbuf.o(i.pbuf_copy)
    pbuf_copy_partial                        0x0800614d   Thumb Code   124  pbuf.o(i.pbuf_copy_partial)
    pbuf_free                                0x08006265   Thumb Code   158  pbuf.o(i.pbuf_free)
    pbuf_free_custom                         0x080063b9   Thumb Code    24  ethernetif.o(i.pbuf_free_custom)
    pbuf_free_ooseq                          0x080063d9   Thumb Code    28  pbuf.o(i.pbuf_free_ooseq)
    pbuf_header_force                        0x080063fd   Thumb Code     6  pbuf.o(i.pbuf_header_force)
    pbuf_realloc                             0x0800642d   Thumb Code   142  pbuf.o(i.pbuf_realloc)
    pbuf_ref                                 0x08006561   Thumb Code    32  pbuf.o(i.pbuf_ref)
    pbuf_remove_header                       0x080065ed   Thumb Code    74  pbuf.o(i.pbuf_remove_header)
    sys_check_timeouts                       0x080068ad   Thumb Code    74  timeouts.o(i.sys_check_timeouts)
    sys_now                                  0x08006901   Thumb Code     4  ethernetif.o(i.sys_now)
    sys_timeout                              0x08006905   Thumb Code    46  timeouts.o(i.sys_timeout)
    sys_timeouts_init                        0x08006ac1   Thumb Code    30  timeouts.o(i.sys_timeouts_init)
    tcp_abandon                              0x08006ae9   Thumb Code   256  tcp.o(i.tcp_abandon)
    tcp_abort                                0x08006c95   Thumb Code     6  tcp.o(i.tcp_abort)
    tcp_accept                               0x08006c9b   Thumb Code    14  tcp.o(i.tcp_accept)
    tcp_alloc                                0x08006d41   Thumb Code   280  tcp.o(i.tcp_alloc)
    tcp_arg                                  0x08006e65   Thumb Code     8  tcp.o(i.tcp_arg)
    tcp_bind                                 0x08006e6d   Thumb Code   168  tcp.o(i.tcp_bind)
    tcp_client_init                          0x080070ad   Thumb Code   104  tcpclient.o(i.tcp_client_init)
    tcp_client_is_connected                  0x080071c5   Thumb Code     6  tcpclient.o(i.tcp_client_is_connected)
    tcp_client_send_data                     0x08007275   Thumb Code    70  tcpclient.o(i.tcp_client_send_data)
    tcp_close                                0x08007331   Thumb Code    48  tcp.o(i.tcp_close)
    tcp_connect                              0x08007671   Thumb Code   284  tcp.o(i.tcp_connect)
    tcp_eff_send_mss_netif                   0x080079d1   Thumb Code    54  tcp.o(i.tcp_eff_send_mss_netif)
    tcp_enqueue_flags                        0x08007a89   Thumb Code   268  tcp_out.o(i.tcp_enqueue_flags)
    tcp_err                                  0x08007cbd   Thumb Code    34  tcp.o(i.tcp_err)
    tcp_fasttmr                              0x08007d61   Thumb Code   102  tcp.o(i.tcp_fasttmr)
    tcp_free                                 0x08007dcd   Thumb Code    34  tcp.o(i.tcp_free)
    tcp_free_ooseq                           0x08007f99   Thumb Code    20  tcp.o(i.tcp_free_ooseq)
    tcp_init                                 0x08007fd5   Thumb Code    20  tcp.o(i.tcp_init)
    tcp_input                                0x08007fed   Thumb Code  1584  tcp_in.o(i.tcp_input)
    tcp_keepalive                            0x08008711   Thumb Code    82  tcp_out.o(i.tcp_keepalive)
    tcp_listen_with_backlog                  0x08008aa1   Thumb Code     6  tcp.o(i.tcp_listen_with_backlog)
    tcp_listen_with_backlog_and_err          0x08008aa9   Thumb Code   182  tcp.o(i.tcp_listen_with_backlog_and_err)
    tcp_netif_ip_addr_changed                0x08008c29   Thumb Code    70  tcp.o(i.tcp_netif_ip_addr_changed)
    tcp_new                                  0x08008d35   Thumb Code     6  tcp.o(i.tcp_new)
    tcp_next_iss                             0x08008d9d   Thumb Code    32  tcp.o(i.tcp_next_iss)
    tcp_output                               0x08008f41   Thumb Code   552  tcp_out.o(i.tcp_output)
    tcp_pcb_purge                            0x08009a85   Thumb Code    88  tcp.o(i.tcp_pcb_purge)
    tcp_pcb_remove                           0x08009b51   Thumb Code   174  tcp.o(i.tcp_pcb_remove)
    tcp_poll                                 0x08009ce1   Thumb Code    58  tcp.o(i.tcp_poll)
    tcp_process_refused_data                 0x0800a271   Thumb Code   132  tcp.o(i.tcp_process_refused_data)
    tcp_recv                                 0x0800ac79   Thumb Code    34  tcp.o(i.tcp_recv)
    tcp_recv_null                            0x0800ad1d   Thumb Code    60  tcp.o(i.tcp_recv_null)
    tcp_recved                               0x0800adcd   Thumb Code   104  tcp.o(i.tcp_recved)
    tcp_rexmit                               0x0800af25   Thumb Code   118  tcp_out.o(i.tcp_rexmit)
    tcp_rexmit_fast                          0x0800b011   Thumb Code   108  tcp_out.o(i.tcp_rexmit_fast)
    tcp_rexmit_rto                           0x0800b0f9   Thumb Code    42  tcp_out.o(i.tcp_rexmit_rto)
    tcp_rexmit_rto_commit                    0x0800b19d   Thumb Code    44  tcp_out.o(i.tcp_rexmit_rto_commit)
    tcp_rexmit_rto_prepare                   0x0800b249   Thumb Code   118  tcp_out.o(i.tcp_rexmit_rto_prepare)
    tcp_rst                                  0x0800b351   Thumb Code   128  tcp_out.o(i.tcp_rst)
    tcp_seg_copy                             0x0800b465   Thumb Code    56  tcp.o(i.tcp_seg_copy)
    tcp_seg_free                             0x0800b511   Thumb Code    28  tcp.o(i.tcp_seg_free)
    tcp_segs_free                            0x0800b52d   Thumb Code    18  tcp.o(i.tcp_segs_free)
    tcp_send_empty_ack                       0x0800b541   Thumb Code   110  tcp_out.o(i.tcp_send_empty_ack)
    tcp_send_fin                             0x0800b62d   Thumb Code    84  tcp_out.o(i.tcp_send_fin)
    tcp_sent                                 0x0800b6f9   Thumb Code    34  tcp.o(i.tcp_sent)
    tcp_server_init                          0x0800b8d5   Thumb Code    96  tcpserver.o(i.tcp_server_init)
    tcp_slowtmr                              0x0800baa5   Thumb Code  1360  tcp.o(i.tcp_slowtmr)
    tcp_split_unsent_seg                     0x0800c075   Thumb Code   360  tcp_out.o(i.tcp_split_unsent_seg)
    tcp_timer_needed                         0x0800c2a1   Thumb Code    36  timeouts.o(i.tcp_timer_needed)
    tcp_tmr                                  0x0800c3d5   Thumb Code    28  tcp.o(i.tcp_tmr)
    tcp_trigger_input_pcb_close              0x0800c3f5   Thumb Code    12  tcp_in.o(i.tcp_trigger_input_pcb_close)
    tcp_update_rcv_ann_wnd                   0x0800c405   Thumb Code    92  tcp.o(i.tcp_update_rcv_ann_wnd)
    tcp_write                                0x0800c4f9   Thumb Code  1688  tcp_out.o(i.tcp_write)
    tcp_zero_window_probe                    0x0800cd25   Thumb Code   190  tcp_out.o(i.tcp_zero_window_probe)
    udp_init                                 0x0800ce9d   Thumb Code    20  udp.o(i.udp_init)
    udp_input                                0x0800ceb5   Thumb Code   310  udp.o(i.udp_input)
    udp_netif_ip_addr_changed                0x0800d1a9   Thumb Code    48  udp.o(i.udp_netif_ip_addr_changed)
    AHBPrescTable                            0x0800d1dc   Data          16  system_stm32f4xx.o(.constdata)
    APBPrescTable                            0x0800d1ec   Data           8  system_stm32f4xx.o(.constdata)
    memp_RX_POOL                             0x0800d1f4   Data          12  ethernetif.o(.constdata)
    ethbroadcast                             0x0800d200   Data           6  ethernet.o(.constdata)
    ethzero                                  0x0800d206   Data           6  ethernet.o(.constdata)
    memp_UDP_PCB                             0x0800d20c   Data          12  memp.o(.constdata)
    memp_TCP_PCB                             0x0800d218   Data          12  memp.o(.constdata)
    memp_TCP_PCB_LISTEN                      0x0800d224   Data          12  memp.o(.constdata)
    memp_TCP_SEG                             0x0800d230   Data          12  memp.o(.constdata)
    memp_REASSDATA                           0x0800d23c   Data          12  memp.o(.constdata)
    memp_FRAG_PBUF                           0x0800d248   Data          12  memp.o(.constdata)
    memp_SYS_TIMEOUT                         0x0800d254   Data          12  memp.o(.constdata)
    memp_PBUF                                0x0800d260   Data          12  memp.o(.constdata)
    memp_PBUF_POOL                           0x0800d26c   Data          12  memp.o(.constdata)
    memp_pools                               0x0800d278   Data          36  memp.o(.constdata)
    tcp_pcb_lists                            0x0800d2e0   Data          16  tcp.o(.constdata)
    lwip_cyclic_timers                       0x0800d2f0   Data          24  timeouts.o(.constdata)
    ip_addr_any                              0x0800d308   Data           4  ip4_addr.o(.constdata)
    __ctype_table                            0x0800d30c   Data         129  ctype_o.o(.constdata)
    Region$$Table$$Base                      0x0800d4a8   Number         0  anon$$obj.o(Region$$Table)
    Region$$Table$$Limit                     0x0800d4c8   Number         0  anon$$obj.o(Region$$Table)
    uwTickFreq                               0x2000000c   Data           1  stm32f4xx_hal.o(.data)
    uwTickPrio                               0x20000010   Data           4  stm32f4xx_hal.o(.data)
    uwTick                                   0x20000014   Data           4  stm32f4xx_hal.o(.data)
    SystemCoreClock                          0x20000018   Data           4  system_stm32f4xx.o(.data)
    LAN8742_IOCtx                            0x20000020   Data          20  ethernetif.o(.data)
    EthernetLinkTimer                        0x20000038   Data           4  lwip.o(.data)
    ipaddr                                   0x2000003c   Data           4  lwip.o(.data)
    netmask                                  0x20000040   Data           4  lwip.o(.data)
    gw                                       0x20000044   Data           4  lwip.o(.data)
    IP_ADDRESS                               0x20000048   Data           4  lwip.o(.data)
    NETMASK_ADDRESS                          0x2000004c   Data           4  lwip.o(.data)
    GATEWAY_ADDRESS                          0x20000050   Data           4  lwip.o(.data)
    netif_list                               0x20000088   Data           4  netif.o(.data)
    netif_default                            0x2000008c   Data           4  netif.o(.data)
    pbuf_free_ooseq_pending                  0x20000090   Data           1  pbuf.o(.data)
    tcp_active_pcbs_changed                  0x20000094   Data           1  tcp.o(.data)
    tcp_ticks                                0x200000a0   Data           4  tcp.o(.data)
    tcp_bound_pcbs                           0x200000a4   Data           4  tcp.o(.data)
    tcp_listen_pcbs                          0x200000a8   Data           4  tcp.o(.data)
    tcp_active_pcbs                          0x200000ac   Data           4  tcp.o(.data)
    tcp_tw_pcbs                              0x200000b0   Data           4  tcp.o(.data)
    tcp_input_pcb                            0x200000d4   Data           4  tcp_in.o(.data)
    udp_pcbs                                 0x200000e8   Data           4  udp.o(.data)
    g_reconnect_attempts                     0x20000100   Data           4  tcpclient.o(.data)
    __stdout                                 0x2000010c   Data           4  stdout.o(.data)
    huart1                                   0x20000110   Data          72  usart.o(.bss)
    memp_memory_RX_POOL_base                 0x20000158   Data       18819  ethernetif.o(.bss)
    DMARxDscrTab                             0x20004adc   Data         160  ethernetif.o(.bss)
    DMATxDscrTab                             0x20004b7c   Data         160  ethernetif.o(.bss)
    heth                                     0x20004c1c   Data         176  ethernetif.o(.bss)
    TxConfig                                 0x20004ccc   Data          56  ethernetif.o(.bss)
    LAN8742                                  0x20004d04   Data          32  ethernetif.o(.bss)
    gnetif                                   0x20004d24   Data          52  lwip.o(.bss)
    ip_data                                  0x20004d58   Data          24  ip.o(.bss)
    ram_heap                                 0x20004d70   Data        1619  mem.o(.bss)
    memp_memory_UDP_PCB_base                 0x200053c3   Data         131  memp.o(.bss)
    memp_memory_TCP_PCB_base                 0x20005446   Data         783  memp.o(.bss)
    memp_memory_TCP_PCB_LISTEN_base          0x20005755   Data         227  memp.o(.bss)
    memp_memory_TCP_SEG_base                 0x20005838   Data         259  memp.o(.bss)
    memp_memory_REASSDATA_base               0x2000593b   Data         163  memp.o(.bss)
    memp_memory_FRAG_PBUF_base               0x200059de   Data         363  memp.o(.bss)
    memp_memory_SYS_TIMEOUT_base             0x20005b49   Data          51  memp.o(.bss)
    memp_memory_PBUF_base                    0x20005b7c   Data         259  memp.o(.bss)
    memp_memory_PBUF_POOL_base               0x20005c7f   Data        9731  memp.o(.bss)
    __initial_sp                             0x2000a3c0   Data           0  startup_stm32f407xx.o(STACK)



==============================================================================

Memory Map of the image

  Image Entry point : 0x08000189

  Load Region LR_IROM1 (Base: 0x08000000, Size: 0x0000d5d8, Max: 0x00080000, ABSOLUTE)

    Execution Region ER_IROM1 (Exec base: 0x08000000, Load base: 0x08000000, Size: 0x0000d4c8, Max: 0x00080000, ABSOLUTE)

    Exec Addr    Load Addr    Size         Type   Attr      Idx    E Section Name        Object

    0x08000000   0x08000000   0x00000188   Data   RO            3    RESET               startup_stm32f407xx.o
    0x08000188   0x08000188   0x00000000   Code   RO         6314  * .ARM.Collect$$$$00000000  mc_w.l(entry.o)
    0x08000188   0x08000188   0x00000004   Code   RO         6629    .ARM.Collect$$$$00000001  mc_w.l(entry2.o)
    0x0800018c   0x0800018c   0x00000004   Code   RO         6632    .ARM.Collect$$$$00000004  mc_w.l(entry5.o)
    0x08000190   0x08000190   0x00000000   Code   RO         6634    .ARM.Collect$$$$00000008  mc_w.l(entry7b.o)
    0x08000190   0x08000190   0x00000000   Code   RO         6636    .ARM.Collect$$$$0000000A  mc_w.l(entry8b.o)
    0x08000190   0x08000190   0x00000008   Code   RO         6637    .ARM.Collect$$$$0000000B  mc_w.l(entry9a.o)
    0x08000198   0x08000198   0x00000004   Code   RO         6644    .ARM.Collect$$$$0000000E  mc_w.l(entry12b.o)
    0x0800019c   0x0800019c   0x00000000   Code   RO         6639    .ARM.Collect$$$$0000000F  mc_w.l(entry10a.o)
    0x0800019c   0x0800019c   0x00000000   Code   RO         6641    .ARM.Collect$$$$00000011  mc_w.l(entry11a.o)
    0x0800019c   0x0800019c   0x00000004   Code   RO         6630    .ARM.Collect$$$$00002712  mc_w.l(entry2.o)
    0x080001a0   0x080001a0   0x00000024   Code   RO            4    .text               startup_stm32f407xx.o
    0x080001c4   0x080001c4   0x00000062   Code   RO         6317    .text               mc_w.l(uldiv.o)
    0x08000226   0x08000226   0x00000002   PAD
    0x08000228   0x08000228   0x00000008   Code   RO         6319    .text               mc_w.l(ctype_o.o)
    0x08000230   0x08000230   0x00000024   Code   RO         6347    .text               mc_w.l(rand.o)
    0x08000254   0x08000254   0x00000040   Code   RO         6352    .text               mc_w.l(memmovea.o)
    0x08000294   0x08000294   0x00000024   Code   RO         6354    .text               mc_w.l(memseta.o)
    0x080002b8   0x080002b8   0x0000000e   Code   RO         6356    .text               mc_w.l(strlen.o)
    0x080002c6   0x080002c6   0x0000001a   Code   RO         6358    .text               mc_w.l(memcmp.o)
    0x080002e0   0x080002e0   0x0000002c   Code   RO         6646    .text               mc_w.l(uidiv.o)
    0x0800030c   0x0800030c   0x0000001e   Code   RO         6648    .text               mc_w.l(llshl.o)
    0x0800032a   0x0800032a   0x00000020   Code   RO         6650    .text               mc_w.l(llushr.o)
    0x0800034a   0x0800034a   0x00000002   PAD
    0x0800034c   0x0800034c   0x00000024   Code   RO         6672    .text               mc_w.l(init.o)
    0x08000370   0x08000370   0x00000002   Code   RO          372    i.BusFault_Handler  stm32f4xx_it.o
    0x08000372   0x08000372   0x00000002   Code   RO          373    i.DebugMon_Handler  stm32f4xx_it.o
    0x08000374   0x08000374   0x0000006a   Code   RO         1621    i.ETH_DMARxDescListInit  stm32f4xx_hal_eth.o
    0x080003de   0x080003de   0x0000002e   Code   RO         1622    i.ETH_FlushTransmitFIFO  stm32f4xx_hal_eth.o
    0x0800040c   0x0800040c   0x0000009e   Code   RO         1623    i.ETH_MACDMAConfig  stm32f4xx_hal_eth.o
    0x080004aa   0x080004aa   0x00000004   Code   RO         2372    i.ETH_PHY_IO_DeInit  ethernetif.o
    0x080004ae   0x080004ae   0x00000004   Code   RO         2373    i.ETH_PHY_IO_GetTick  ethernetif.o
    0x080004b2   0x080004b2   0x00000002   PAD
    0x080004b4   0x080004b4   0x00000010   Code   RO         2374    i.ETH_PHY_IO_Init   ethernetif.o
    0x080004c4   0x080004c4   0x0000001c   Code   RO         2375    i.ETH_PHY_IO_ReadReg  ethernetif.o
    0x080004e0   0x080004e0   0x0000001c   Code   RO         2376    i.ETH_PHY_IO_WriteReg  ethernetif.o
    0x080004fc   0x080004fc   0x0000017c   Code   RO         1624    i.ETH_Prepare_Tx_Descriptors  stm32f4xx_hal_eth.o
    0x08000678   0x08000678   0x000000c0   Code   RO         1625    i.ETH_SetDMAConfig  stm32f4xx_hal_eth.o
    0x08000738   0x08000738   0x00000100   Code   RO         1626    i.ETH_SetMACConfig  stm32f4xx_hal_eth.o
    0x08000838   0x08000838   0x0000009c   Code   RO         1627    i.ETH_UpdateDescriptor  stm32f4xx_hal_eth.o
    0x080008d4   0x080008d4   0x00000004   Code   RO           13    i.Error_Handler     main.o
    0x080008d8   0x080008d8   0x00000024   Code   RO         1370    i.HAL_Delay         stm32f4xx_hal.o
    0x080008fc   0x080008fc   0x000000ea   Code   RO         1635    i.HAL_ETH_GetMACConfig  stm32f4xx_hal_eth.o
    0x080009e6   0x080009e6   0x00000002   PAD
    0x080009e8   0x080009e8   0x00000144   Code   RO         1643    i.HAL_ETH_Init      stm32f4xx_hal_eth.o
    0x08000b2c   0x08000b2c   0x000000d8   Code   RO         2378    i.HAL_ETH_MspInit   ethernetif.o
    0x08000c04   0x08000c04   0x000000e4   Code   RO         1647    i.HAL_ETH_ReadData  stm32f4xx_hal_eth.o
    0x08000ce8   0x08000ce8   0x00000062   Code   RO         1648    i.HAL_ETH_ReadPHYRegister  stm32f4xx_hal_eth.o
    0x08000d4a   0x08000d4a   0x00000002   PAD
    0x08000d4c   0x08000d4c   0x00000048   Code   RO         2379    i.HAL_ETH_RxAllocateCallback  ethernetif.o
    0x08000d94   0x08000d94   0x0000002a   Code   RO         2380    i.HAL_ETH_RxLinkCallback  ethernetif.o
    0x08000dbe   0x08000dbe   0x00000018   Code   RO         1658    i.HAL_ETH_SetMACConfig  stm32f4xx_hal_eth.o
    0x08000dd6   0x08000dd6   0x00000002   PAD
    0x08000dd8   0x08000dd8   0x00000054   Code   RO         1660    i.HAL_ETH_SetMDIOClockRange  stm32f4xx_hal_eth.o
    0x08000e2c   0x08000e2c   0x0000007c   Code   RO         1664    i.HAL_ETH_Start     stm32f4xx_hal_eth.o
    0x08000ea8   0x08000ea8   0x00000072   Code   RO         1666    i.HAL_ETH_Stop      stm32f4xx_hal_eth.o
    0x08000f1a   0x08000f1a   0x000000b6   Code   RO         1668    i.HAL_ETH_Transmit  stm32f4xx_hal_eth.o
    0x08000fd0   0x08000fd0   0x00000056   Code   RO         1676    i.HAL_ETH_WritePHYRegister  stm32f4xx_hal_eth.o
    0x08001026   0x08001026   0x00000002   PAD
    0x08001028   0x08001028   0x000001f0   Code   RO          826    i.HAL_GPIO_Init     stm32f4xx_hal_gpio.o
    0x08001218   0x08001218   0x00000010   Code   RO          829    i.HAL_GPIO_TogglePin  stm32f4xx_hal_gpio.o
    0x08001228   0x08001228   0x0000000a   Code   RO          830    i.HAL_GPIO_WritePin  stm32f4xx_hal_gpio.o
    0x08001232   0x08001232   0x00000002   PAD
    0x08001234   0x08001234   0x0000000c   Code   RO         1376    i.HAL_GetTick       stm32f4xx_hal.o
    0x08001240   0x08001240   0x00000010   Code   RO         1382    i.HAL_IncTick       stm32f4xx_hal.o
    0x08001250   0x08001250   0x00000034   Code   RO         1383    i.HAL_Init          stm32f4xx_hal.o
    0x08001284   0x08001284   0x00000040   Code   RO         1384    i.HAL_InitTick      stm32f4xx_hal.o
    0x080012c4   0x080012c4   0x00000030   Code   RO          447    i.HAL_MspInit       stm32f4xx_hal_msp.o
    0x080012f4   0x080012f4   0x00000040   Code   RO         1224    i.HAL_NVIC_SetPriority  stm32f4xx_hal_cortex.o
    0x08001334   0x08001334   0x00000024   Code   RO         1225    i.HAL_NVIC_SetPriorityGrouping  stm32f4xx_hal_cortex.o
    0x08001358   0x08001358   0x00000134   Code   RO          472    i.HAL_RCC_ClockConfig  stm32f4xx_hal_rcc.o
    0x0800148c   0x0800148c   0x0000000c   Code   RO          477    i.HAL_RCC_GetHCLKFreq  stm32f4xx_hal_rcc.o
    0x08001498   0x08001498   0x00000020   Code   RO          479    i.HAL_RCC_GetPCLK1Freq  stm32f4xx_hal_rcc.o
    0x080014b8   0x080014b8   0x00000020   Code   RO          480    i.HAL_RCC_GetPCLK2Freq  stm32f4xx_hal_rcc.o
    0x080014d8   0x080014d8   0x00000060   Code   RO          481    i.HAL_RCC_GetSysClockFreq  stm32f4xx_hal_rcc.o
    0x08001538   0x08001538   0x0000036c   Code   RO          484    i.HAL_RCC_OscConfig  stm32f4xx_hal_rcc.o
    0x080018a4   0x080018a4   0x00000028   Code   RO         1229    i.HAL_SYSTICK_Config  stm32f4xx_hal_cortex.o
    0x080018cc   0x080018cc   0x00000064   Code   RO         2001    i.HAL_UART_Init     stm32f4xx_hal_uart.o
    0x08001930   0x08001930   0x0000006c   Code   RO          325    i.HAL_UART_MspInit  usart.o
    0x0800199c   0x0800199c   0x000000a0   Code   RO         2009    i.HAL_UART_Transmit  stm32f4xx_hal_uart.o
    0x08001a3c   0x08001a3c   0x00000002   Code   RO          374    i.HardFault_Handler  stm32f4xx_it.o
    0x08001a3e   0x08001a3e   0x00000094   Code   RO         2588    i.LAN8742_GetLinkState  lan8742.o
    0x08001ad2   0x08001ad2   0x00000060   Code   RO         2589    i.LAN8742_Init      lan8742.o
    0x08001b32   0x08001b32   0x0000002c   Code   RO         2590    i.LAN8742_RegisterBusIO  lan8742.o
    0x08001b5e   0x08001b5e   0x00000002   PAD
    0x08001b60   0x08001b60   0x000000b4   Code   RO          300    i.MX_GPIO_Init      gpio.o
    0x08001c14   0x08001c14   0x0000012c   Code   RO         2513    i.MX_LWIP_Init      lwip.o
    0x08001d40   0x08001d40   0x00000038   Code   RO         2514    i.MX_LWIP_Process   lwip.o
    0x08001d78   0x08001d78   0x00000038   Code   RO          326    i.MX_USART1_UART_Init  usart.o
    0x08001db0   0x08001db0   0x00000002   Code   RO          375    i.MemManage_Handler  stm32f4xx_it.o
    0x08001db2   0x08001db2   0x00000002   Code   RO          376    i.NMI_Handler       stm32f4xx_it.o
    0x08001db4   0x08001db4   0x00000002   Code   RO          377    i.PendSV_Handler    stm32f4xx_it.o
    0x08001db6   0x08001db6   0x00000002   Code   RO          378    i.SVC_Handler       stm32f4xx_it.o
    0x08001db8   0x08001db8   0x00000004   Code   RO          379    i.SysTick_Handler   stm32f4xx_it.o
    0x08001dbc   0x08001dbc   0x00000094   Code   RO           14    i.SystemClock_Config  main.o
    0x08001e50   0x08001e50   0x00000010   Code   RO         2335    i.SystemInit        system_stm32f4xx.o
    0x08001e60   0x08001e60   0x0000004e   Code   RO         2024    i.UART_EndRxTransfer  stm32f4xx_hal_uart.o
    0x08001eae   0x08001eae   0x00000002   PAD
    0x08001eb0   0x08001eb0   0x0000010c   Code   RO         2027    i.UART_SetConfig    stm32f4xx_hal_uart.o
    0x08001fbc   0x08001fbc   0x00000072   Code   RO         2030    i.UART_WaitOnFlagUntilTimeout  stm32f4xx_hal_uart.o
    0x0800202e   0x0800202e   0x00000002   Code   RO          380    i.UsageFault_Handler  stm32f4xx_it.o
    0x08002030   0x08002030   0x00000020   Code   RO         6455    i.__0printf$3       mc_w.l(printf3.o)
    0x08002050   0x08002050   0x00000034   Code   RO         6456    i.__0snprintf$3     mc_w.l(printf3.o)
    0x08002084   0x08002084   0x00000020   Code   RO         1231    i.__NVIC_SetPriority  stm32f4xx_hal_cortex.o
    0x080020a4   0x080020a4   0x0000000e   Code   RO         6684    i.__scatterload_copy  mc_w.l(handlers.o)
    0x080020b2   0x080020b2   0x00000002   Code   RO         6685    i.__scatterload_null  mc_w.l(handlers.o)
    0x080020b4   0x080020b4   0x0000000e   Code   RO         6686    i.__scatterload_zeroinit  mc_w.l(handlers.o)
    0x080020c2   0x080020c2   0x00000002   PAD
    0x080020c4   0x080020c4   0x000001b8   Code   RO         6462    i._printf_core      mc_w.l(printf3.o)
    0x0800227c   0x0800227c   0x00000016   Code   RO         6463    i._snputc           mc_w.l(printf3.o)
    0x08002292   0x08002292   0x00000002   PAD
    0x08002294   0x08002294   0x0000009c   Code   RO         3977    i.do_memp_free_pool  memp.o
    0x08002330   0x08002330   0x000000a4   Code   RO         3978    i.do_memp_malloc_pool  memp.o
    0x080023d4   0x080023d4   0x0000002c   Code   RO         5412    i.etharp_cleanup_netif  etharp.o
    0x08002400   0x08002400   0x00000260   Code   RO         5414    i.etharp_find_entry  etharp.o
    0x08002660   0x08002660   0x00000024   Code   RO         5415    i.etharp_free_entry  etharp.o
    0x08002684   0x08002684   0x00000104   Code   RO         5417    i.etharp_input      etharp.o
    0x08002788   0x08002788   0x000001b0   Code   RO         5418    i.etharp_output     etharp.o
    0x08002938   0x08002938   0x00000110   Code   RO         5419    i.etharp_output_to_arp_index  etharp.o
    0x08002a48   0x08002a48   0x000001e8   Code   RO         5420    i.etharp_query      etharp.o
    0x08002c30   0x08002c30   0x00000174   Code   RO         5421    i.etharp_raw        etharp.o
    0x08002da4   0x08002da4   0x0000000c   Code   RO         5422    i.etharp_request    etharp.o
    0x08002db0   0x08002db0   0x00000020   Code   RO         5423    i.etharp_request_dst  etharp.o
    0x08002dd0   0x08002dd0   0x00000060   Code   RO         5424    i.etharp_tmr        etharp.o
    0x08002e30   0x08002e30   0x0000011c   Code   RO         5425    i.etharp_update_arp_entry  etharp.o
    0x08002f4c   0x08002f4c   0x000000a4   Code   RO         3236    i.ethernet_input    ethernet.o
    0x08002ff0   0x08002ff0   0x00000094   Code   RO         2382    i.ethernet_link_check_state  ethernetif.o
    0x08003084   0x08003084   0x00000002   Code   RO         2515    i.ethernet_link_status_updated  lwip.o
    0x08003086   0x08003086   0x00000002   PAD
    0x08003088   0x08003088   0x000000f8   Code   RO         3237    i.ethernet_output   ethernet.o
    0x08003180   0x08003180   0x00000090   Code   RO         2383    i.ethernetif_init   ethernetif.o
    0x08003210   0x08003210   0x0000003c   Code   RO         2384    i.ethernetif_input  ethernetif.o
    0x0800324c   0x0800324c   0x00000018   Code   RO          327    i.fputc             usart.o
    0x08003264   0x08003264   0x00000008   Code   RO         5515    i.icmp_dest_unreach  icmp.o
    0x0800326c   0x0800326c   0x000001e8   Code   RO         5516    i.icmp_input        icmp.o
    0x08003454   0x08003454   0x00000110   Code   RO         5517    i.icmp_send_response  icmp.o
    0x08003564   0x08003564   0x00000008   Code   RO         5518    i.icmp_time_exceeded  icmp.o
    0x0800356c   0x0800356c   0x0000002e   Code   RO         5636    i.ip4_addr_isbroadcast_u32  ip4_addr.o
    0x0800359a   0x0800359a   0x00000002   PAD
    0x0800359c   0x0800359c   0x00000260   Code   RO         5705    i.ip4_frag          ip4_frag.o
    0x080037fc   0x080037fc   0x00000174   Code   RO         5581    i.ip4_input         ip4.o
    0x08003970   0x08003970   0x0000002c   Code   RO         5582    i.ip4_input_accept  ip4.o
    0x0800399c   0x0800399c   0x0000001e   Code   RO         5584    i.ip4_output_if     ip4.o
    0x080039ba   0x080039ba   0x00000002   PAD
    0x080039bc   0x080039bc   0x00000178   Code   RO         5585    i.ip4_output_if_src  ip4.o
    0x08003b34   0x08003b34   0x00000288   Code   RO         5706    i.ip4_reass         ip4_frag.o
    0x08003dbc   0x08003dbc   0x00000060   Code   RO         5586    i.ip4_route         ip4.o
    0x08003e1c   0x08003e1c   0x0000018c   Code   RO         5638    i.ip4addr_aton      ip4_addr.o
    0x08003fa8   0x08003fa8   0x0000000c   Code   RO         5639    i.ip4addr_ntoa      ip4_addr.o
    0x08003fb4   0x08003fb4   0x00000078   Code   RO         5640    i.ip4addr_ntoa_r    ip4_addr.o
    0x0800402c   0x0800402c   0x00000090   Code   RO         5707    i.ip_frag_free_pbuf_custom_ref  ip4_frag.o
    0x080040bc   0x080040bc   0x00000248   Code   RO         5708    i.ip_reass_chain_frag_into_datagram_and_validate  ip4_frag.o
    0x08004304   0x08004304   0x000000bc   Code   RO         5709    i.ip_reass_dequeue_datagram  ip4_frag.o
    0x080043c0   0x080043c0   0x00000198   Code   RO         5710    i.ip_reass_free_complete_datagram  ip4_frag.o
    0x08004558   0x08004558   0x00000080   Code   RO         5711    i.ip_reass_remove_oldest_datagram  ip4_frag.o
    0x080045d8   0x080045d8   0x0000002c   Code   RO         5712    i.ip_reass_tmr      ip4_frag.o
    0x08004604   0x08004604   0x00000098   Code   RO         5713    i.ipfrag_free_pbuf_custom  ip4_frag.o
    0x0800469c   0x0800469c   0x000000f8   Code   RO         2385    i.low_level_init    ethernetif.o
    0x08004794   0x08004794   0x00000070   Code   RO         2386    i.low_level_output  ethernetif.o
    0x08004804   0x08004804   0x0000003c   Code   RO         5162    i.lwip_cyclic_timer  timeouts.o
    0x08004840   0x08004840   0x00000004   Code   RO         3652    i.lwip_htonl        def.o
    0x08004844   0x08004844   0x00000004   Code   RO         3653    i.lwip_htons        def.o
    0x08004848   0x08004848   0x0000001e   Code   RO         3804    i.lwip_init         init.o
    0x08004866   0x08004866   0x00000002   PAD
    0x08004868   0x08004868   0x000001bc   Code   RO           15    i.main              main.o
    0x08004a24   0x08004a24   0x000001a0   Code   RO         3904    i.mem_free          mem.o
    0x08004bc4   0x08004bc4   0x00000038   Code   RO         3905    i.mem_init          mem.o
    0x08004bfc   0x08004bfc   0x0000023c   Code   RO         3906    i.mem_malloc        mem.o
    0x08004e38   0x08004e38   0x00000010   Code   RO         3907    i.mem_to_ptr        mem.o
    0x08004e48   0x08004e48   0x000001c4   Code   RO         3908    i.mem_trim          mem.o
    0x0800500c   0x0800500c   0x0000009c   Code   RO         3979    i.memp_free         memp.o
    0x080050a8   0x080050a8   0x00000088   Code   RO         3980    i.memp_free_pool    memp.o
    0x08005130   0x08005130   0x00000020   Code   RO         3981    i.memp_init         memp.o
    0x08005150   0x08005150   0x0000002a   Code   RO         3982    i.memp_init_pool    memp.o
    0x0800517a   0x0800517a   0x00000002   PAD
    0x0800517c   0x0800517c   0x000000a4   Code   RO         3983    i.memp_malloc       memp.o
    0x08005220   0x08005220   0x0000008c   Code   RO         3984    i.memp_malloc_pool  memp.o
    0x080052ac   0x080052ac   0x000001d8   Code   RO         4111    i.netif_add         netif.o
    0x08005484   0x08005484   0x00000016   Code   RO         4113    i.netif_do_ip_addr_changed  netif.o
    0x0800549a   0x0800549a   0x00000016   Code   RO         4114    i.netif_do_set_gw   netif.o
    0x080054b0   0x080054b0   0x000000c4   Code   RO         4115    i.netif_do_set_ipaddr  netif.o
    0x08005574   0x08005574   0x00000016   Code   RO         4116    i.netif_do_set_netmask  netif.o
    0x0800558a   0x0800558a   0x00000002   PAD
    0x0800558c   0x0800558c   0x00000028   Code   RO         4118    i.netif_get_by_index  netif.o
    0x080055b4   0x080055b4   0x00000002   Code   RO         4120    i.netif_init        netif.o
    0x080055b6   0x080055b6   0x00000002   PAD
    0x080055b8   0x080055b8   0x000000c0   Code   RO         4122    i.netif_issue_reports  netif.o
    0x08005678   0x08005678   0x00000006   Code   RO         4124    i.netif_null_output_ip4  netif.o
    0x0800567e   0x0800567e   0x00000002   PAD
    0x08005680   0x08005680   0x00000060   Code   RO         4126    i.netif_set_addr    netif.o
    0x080056e0   0x080056e0   0x0000000c   Code   RO         4127    i.netif_set_default  netif.o
    0x080056ec   0x080056ec   0x000000a8   Code   RO         4128    i.netif_set_down    netif.o
    0x08005794   0x08005794   0x00000008   Code   RO         4131    i.netif_set_link_callback  netif.o
    0x0800579c   0x0800579c   0x000000ac   Code   RO         4132    i.netif_set_link_down  netif.o
    0x08005848   0x08005848   0x000000c0   Code   RO         4133    i.netif_set_link_up  netif.o
    0x08005908   0x08005908   0x000000a0   Code   RO         4135    i.netif_set_up      netif.o
    0x080059a8   0x080059a8   0x00000006   Code   RO         4299    i.pbuf_add_header   pbuf.o
    0x080059ae   0x080059ae   0x00000002   PAD
    0x080059b0   0x080059b0   0x000000c0   Code   RO         4301    i.pbuf_add_header_impl  pbuf.o
    0x08005a70   0x08005a70   0x00000234   Code   RO         4302    i.pbuf_alloc        pbuf.o
    0x08005ca4   0x08005ca4   0x000000b0   Code   RO         4303    i.pbuf_alloc_reference  pbuf.o
    0x08005d54   0x08005d54   0x00000036   Code   RO         4304    i.pbuf_alloced_custom  pbuf.o
    0x08005d8a   0x08005d8a   0x00000002   PAD
    0x08005d8c   0x08005d8c   0x00000130   Code   RO         4305    i.pbuf_cat          pbuf.o
    0x08005ebc   0x08005ebc   0x00000012   Code   RO         4307    i.pbuf_clen         pbuf.o
    0x08005ece   0x08005ece   0x00000002   PAD
    0x08005ed0   0x08005ed0   0x0000009c   Code   RO         4308    i.pbuf_clone        pbuf.o
    0x08005f6c   0x08005f6c   0x000001e0   Code   RO         4310    i.pbuf_copy         pbuf.o
    0x0800614c   0x0800614c   0x00000118   Code   RO         4311    i.pbuf_copy_partial  pbuf.o
    0x08006264   0x08006264   0x00000154   Code   RO         4313    i.pbuf_free         pbuf.o
    0x080063b8   0x080063b8   0x00000020   Code   RO         2387    i.pbuf_free_custom  ethernetif.o
    0x080063d8   0x080063d8   0x00000024   Code   RO         4315    i.pbuf_free_ooseq   pbuf.o
    0x080063fc   0x080063fc   0x00000006   Code   RO         4319    i.pbuf_header_force  pbuf.o
    0x08006402   0x08006402   0x0000000e   Code   RO         4320    i.pbuf_header_impl  pbuf.o
    0x08006410   0x08006410   0x0000001c   Code   RO         4321    i.pbuf_init_alloced_pbuf  pbuf.o
    0x0800642c   0x0800642c   0x00000134   Code   RO         4325    i.pbuf_realloc      pbuf.o
    0x08006560   0x08006560   0x0000008c   Code   RO         4326    i.pbuf_ref          pbuf.o
    0x080065ec   0x080065ec   0x000000d0   Code   RO         4327    i.pbuf_remove_header  pbuf.o
    0x080066bc   0x080066bc   0x000001a0   Code   RO         3909    i.plug_holes        mem.o
    0x0800685c   0x0800685c   0x0000000c   Code   RO         3910    i.ptr_to_mem        mem.o
    0x08006868   0x08006868   0x00000044   Code   RO         6257    i.remove_client     tcpserver.o
    0x080068ac   0x080068ac   0x00000054   Code   RO         5163    i.sys_check_timeouts  timeouts.o
    0x08006900   0x08006900   0x00000004   Code   RO         2388    i.sys_now           ethernetif.o
    0x08006904   0x08006904   0x000000c4   Code   RO         5165    i.sys_timeout       timeouts.o
    0x080069c8   0x080069c8   0x000000f8   Code   RO         5166    i.sys_timeout_abs   timeouts.o
    0x08006ac0   0x08006ac0   0x00000028   Code   RO         5167    i.sys_timeouts_init  timeouts.o
    0x08006ae8   0x08006ae8   0x000001ac   Code   RO         4596    i.tcp_abandon       tcp.o
    0x08006c94   0x08006c94   0x00000006   Code   RO         4597    i.tcp_abort         tcp.o
    0x08006c9a   0x08006c9a   0x0000000e   Code   RO         4598    i.tcp_accept        tcp.o
    0x08006ca8   0x08006ca8   0x00000098   Code   RO         4599    i.tcp_accept_null   tcp.o
    0x08006d40   0x08006d40   0x00000124   Code   RO         4600    i.tcp_alloc         tcp.o
    0x08006e64   0x08006e64   0x00000008   Code   RO         4601    i.tcp_arg           tcp.o
    0x08006e6c   0x08006e6c   0x0000014c   Code   RO         4602    i.tcp_bind          tcp.o
    0x08006fb8   0x08006fb8   0x000000b4   Code   RO         6187    i.tcp_client_connected_callback  tcpclient.o
    0x0800706c   0x0800706c   0x00000040   Code   RO         6188    i.tcp_client_err_callback  tcpclient.o
    0x080070ac   0x080070ac   0x00000118   Code   RO         6189    i.tcp_client_init   tcpclient.o
    0x080071c4   0x080071c4   0x0000000c   Code   RO         6190    i.tcp_client_is_connected  tcpclient.o
    0x080071d0   0x080071d0   0x00000004   Code   RO         6191    i.tcp_client_poll_callback  tcpclient.o
    0x080071d4   0x080071d4   0x000000a0   Code   RO         6192    i.tcp_client_recv_callback  tcpclient.o
    0x08007274   0x08007274   0x000000b8   Code   RO         6193    i.tcp_client_send_data  tcpclient.o
    0x0800732c   0x0800732c   0x00000004   Code   RO         6194    i.tcp_client_sent_callback  tcpclient.o
    0x08007330   0x08007330   0x000000a0   Code   RO         4604    i.tcp_close         tcp.o
    0x080073d0   0x080073d0   0x000001dc   Code   RO         4605    i.tcp_close_shutdown  tcp.o
    0x080075ac   0x080075ac   0x000000c4   Code   RO         4606    i.tcp_close_shutdown_fin  tcp.o
    0x08007670   0x08007670   0x000001e0   Code   RO         4607    i.tcp_connect       tcp.o
    0x08007850   0x08007850   0x00000180   Code   RO         5002    i.tcp_create_segment  tcp_out.o
    0x080079d0   0x080079d0   0x000000b8   Code   RO         4609    i.tcp_eff_send_mss_netif  tcp.o
    0x08007a88   0x08007a88   0x00000234   Code   RO         5003    i.tcp_enqueue_flags  tcp_out.o
    0x08007cbc   0x08007cbc   0x000000a4   Code   RO         4610    i.tcp_err           tcp.o
    0x08007d60   0x08007d60   0x0000006c   Code   RO         4611    i.tcp_fasttmr       tcp.o
    0x08007dcc   0x08007dcc   0x00000090   Code   RO         4612    i.tcp_free          tcp.o
    0x08007e5c   0x08007e5c   0x0000013c   Code   RO         4913    i.tcp_free_acked_segments  tcp_in.o
    0x08007f98   0x08007f98   0x00000014   Code   RO         4613    i.tcp_free_ooseq    tcp.o
    0x08007fac   0x08007fac   0x00000028   Code   RO         4914    i.tcp_get_next_optbyte  tcp_in.o
    0x08007fd4   0x08007fd4   0x00000018   Code   RO         4614    i.tcp_init          tcp.o
    0x08007fec   0x08007fec   0x00000650   Code   RO         4915    i.tcp_input         tcp_in.o
    0x0800863c   0x0800863c   0x000000d4   Code   RO         4916    i.tcp_input_delayed_close  tcp_in.o
    0x08008710   0x08008710   0x000000cc   Code   RO         5004    i.tcp_keepalive     tcp_out.o
    0x080087dc   0x080087dc   0x000000bc   Code   RO         4615    i.tcp_kill_state    tcp.o
    0x08008898   0x08008898   0x00000070   Code   RO         4616    i.tcp_listen_closed  tcp.o
    0x08008908   0x08008908   0x00000198   Code   RO         4917    i.tcp_listen_input  tcp_in.o
    0x08008aa0   0x08008aa0   0x00000006   Code   RO         4617    i.tcp_listen_with_backlog  tcp.o
    0x08008aa6   0x08008aa6   0x00000002   PAD
    0x08008aa8   0x08008aa8   0x00000180   Code   RO         4618    i.tcp_listen_with_backlog_and_err  tcp.o
    0x08008c28   0x08008c28   0x0000004c   Code   RO         4619    i.tcp_netif_ip_addr_changed  tcp.o
    0x08008c74   0x08008c74   0x000000c0   Code   RO         4620    i.tcp_netif_ip_addr_changed_pcblist  tcp.o
    0x08008d34   0x08008d34   0x00000006   Code   RO         4621    i.tcp_new           tcp.o
    0x08008d3a   0x08008d3a   0x00000002   PAD
    0x08008d3c   0x08008d3c   0x00000060   Code   RO         4623    i.tcp_new_port      tcp.o
    0x08008d9c   0x08008d9c   0x00000098   Code   RO         4624    i.tcp_next_iss      tcp.o
    0x08008e34   0x08008e34   0x0000010c   Code   RO         4918    i.tcp_oos_insert_segment  tcp_in.o
    0x08008f40   0x08008f40   0x000002e0   Code   RO         5005    i.tcp_output        tcp_out.o
    0x08009220   0x08009220   0x000000cc   Code   RO         5006    i.tcp_output_alloc_header  tcp_out.o
    0x080092ec   0x080092ec   0x00000110   Code   RO         5007    i.tcp_output_alloc_header_common  tcp_out.o
    0x080093fc   0x080093fc   0x000000e0   Code   RO         5008    i.tcp_output_control_segment  tcp_out.o
    0x080094dc   0x080094dc   0x000000d8   Code   RO         5009    i.tcp_output_fill_options  tcp_out.o
    0x080095b4   0x080095b4   0x000001dc   Code   RO         5010    i.tcp_output_segment  tcp_out.o
    0x08009790   0x08009790   0x000000a8   Code   RO         5011    i.tcp_output_segment_busy  tcp_out.o
    0x08009838   0x08009838   0x000000fc   Code   RO         4919    i.tcp_parseopt      tcp_in.o
    0x08009934   0x08009934   0x00000150   Code   RO         5012    i.tcp_pbuf_prealloc  tcp_out.o
    0x08009a84   0x08009a84   0x000000cc   Code   RO         4625    i.tcp_pcb_purge     tcp.o
    0x08009b50   0x08009b50   0x00000190   Code   RO         4626    i.tcp_pcb_remove    tcp.o
    0x08009ce0   0x08009ce0   0x000000cc   Code   RO         4627    i.tcp_poll          tcp.o
    0x08009dac   0x08009dac   0x000004c2   Code   RO         4920    i.tcp_process       tcp_in.o
    0x0800a26e   0x0800a26e   0x00000002   PAD
    0x0800a270   0x0800a270   0x00000104   Code   RO         4628    i.tcp_process_refused_data  tcp.o
    0x0800a374   0x0800a374   0x00000904   Code   RO         4921    i.tcp_receive       tcp_in.o
    0x0800ac78   0x0800ac78   0x000000a4   Code   RO         4629    i.tcp_recv          tcp.o
    0x0800ad1c   0x0800ad1c   0x000000b0   Code   RO         4630    i.tcp_recv_null     tcp.o
    0x0800adcc   0x0800adcc   0x00000100   Code   RO         4631    i.tcp_recved        tcp.o
    0x0800aecc   0x0800aecc   0x00000058   Code   RO         4632    i.tcp_remove_listener  tcp.o
    0x0800af24   0x0800af24   0x000000ec   Code   RO         5013    i.tcp_rexmit        tcp_out.o
    0x0800b010   0x0800b010   0x000000e8   Code   RO         5014    i.tcp_rexmit_fast   tcp_out.o
    0x0800b0f8   0x0800b0f8   0x000000a4   Code   RO         5015    i.tcp_rexmit_rto    tcp_out.o
    0x0800b19c   0x0800b19c   0x000000ac   Code   RO         5016    i.tcp_rexmit_rto_commit  tcp_out.o
    0x0800b248   0x0800b248   0x000000f8   Code   RO         5017    i.tcp_rexmit_rto_prepare  tcp_out.o
    0x0800b340   0x0800b340   0x00000010   Code   RO         5018    i.tcp_route         tcp_out.o
    0x0800b350   0x0800b350   0x00000114   Code   RO         5019    i.tcp_rst           tcp_out.o
    0x0800b464   0x0800b464   0x000000ac   Code   RO         4633    i.tcp_seg_copy      tcp.o
    0x0800b510   0x0800b510   0x0000001c   Code   RO         4634    i.tcp_seg_free      tcp.o
    0x0800b52c   0x0800b52c   0x00000012   Code   RO         4635    i.tcp_segs_free     tcp.o
    0x0800b53e   0x0800b53e   0x00000002   PAD
    0x0800b540   0x0800b540   0x000000ec   Code   RO         5020    i.tcp_send_empty_ack  tcp_out.o
    0x0800b62c   0x0800b62c   0x000000cc   Code   RO         5021    i.tcp_send_fin      tcp_out.o
    0x0800b6f8   0x0800b6f8   0x000000a4   Code   RO         4636    i.tcp_sent          tcp.o
    0x0800b79c   0x0800b79c   0x00000104   Code   RO         6258    i.tcp_server_accept_callback  tcpserver.o
    0x0800b8a0   0x0800b8a0   0x00000034   Code   RO         6259    i.tcp_server_err_callback  tcpserver.o
    0x0800b8d4   0x0800b8d4   0x0000011c   Code   RO         6260    i.tcp_server_init   tcpserver.o
    0x0800b9f0   0x0800b9f0   0x00000004   Code   RO         6261    i.tcp_server_poll_callback  tcpserver.o
    0x0800b9f4   0x0800b9f4   0x000000ac   Code   RO         6262    i.tcp_server_recv_callback  tcpserver.o
    0x0800baa0   0x0800baa0   0x00000004   Code   RO         6263    i.tcp_server_sent_callback  tcpserver.o
    0x0800baa4   0x0800baa4   0x000005d0   Code   RO         4639    i.tcp_slowtmr       tcp.o
    0x0800c074   0x0800c074   0x0000022c   Code   RO         5022    i.tcp_split_unsent_seg  tcp_out.o
    0x0800c2a0   0x0800c2a0   0x00000034   Code   RO         5170    i.tcp_timer_needed  timeouts.o
    0x0800c2d4   0x0800c2d4   0x00000100   Code   RO         4922    i.tcp_timewait_input  tcp_in.o
    0x0800c3d4   0x0800c3d4   0x00000020   Code   RO         4641    i.tcp_tmr           tcp.o
    0x0800c3f4   0x0800c3f4   0x00000010   Code   RO         4923    i.tcp_trigger_input_pcb_close  tcp_in.o
    0x0800c404   0x0800c404   0x000000f4   Code   RO         4643    i.tcp_update_rcv_ann_wnd  tcp.o
    0x0800c4f8   0x0800c4f8   0x000006b8   Code   RO         5023    i.tcp_write         tcp_out.o
    0x0800cbb0   0x0800cbb0   0x00000174   Code   RO         5024    i.tcp_write_checks  tcp_out.o
    0x0800cd24   0x0800cd24   0x00000140   Code   RO         5025    i.tcp_zero_window_probe  tcp_out.o
    0x0800ce64   0x0800ce64   0x00000038   Code   RO         5171    i.tcpip_tcp_timer   timeouts.o
    0x0800ce9c   0x0800ce9c   0x00000018   Code   RO         5255    i.udp_init          udp.o
    0x0800ceb4   0x0800ceb4   0x000001e8   Code   RO         5256    i.udp_input         udp.o
    0x0800d09c   0x0800d09c   0x0000010c   Code   RO         5257    i.udp_input_local_match  udp.o
    0x0800d1a8   0x0800d1a8   0x00000034   Code   RO         5258    i.udp_netif_ip_addr_changed  udp.o
    0x0800d1dc   0x0800d1dc   0x00000010   Data   RO         2336    .constdata          system_stm32f4xx.o
    0x0800d1ec   0x0800d1ec   0x00000008   Data   RO         2337    .constdata          system_stm32f4xx.o
    0x0800d1f4   0x0800d1f4   0x0000000c   Data   RO         2391    .constdata          ethernetif.o
    0x0800d200   0x0800d200   0x00000006   Data   RO         3238    .constdata          ethernet.o
    0x0800d206   0x0800d206   0x00000006   Data   RO         3239    .constdata          ethernet.o
    0x0800d20c   0x0800d20c   0x0000000c   Data   RO         3994    .constdata          memp.o
    0x0800d218   0x0800d218   0x0000000c   Data   RO         3995    .constdata          memp.o
    0x0800d224   0x0800d224   0x0000000c   Data   RO         3996    .constdata          memp.o
    0x0800d230   0x0800d230   0x0000000c   Data   RO         3997    .constdata          memp.o
    0x0800d23c   0x0800d23c   0x0000000c   Data   RO         3998    .constdata          memp.o
    0x0800d248   0x0800d248   0x0000000c   Data   RO         3999    .constdata          memp.o
    0x0800d254   0x0800d254   0x0000000c   Data   RO         4000    .constdata          memp.o
    0x0800d260   0x0800d260   0x0000000c   Data   RO         4001    .constdata          memp.o
    0x0800d26c   0x0800d26c   0x0000000c   Data   RO         4002    .constdata          memp.o
    0x0800d278   0x0800d278   0x00000024   Data   RO         4003    .constdata          memp.o
    0x0800d29c   0x0800d29c   0x00000054   Data   RO         4644    .constdata          tcp.o
    0x0800d2f0   0x0800d2f0   0x00000018   Data   RO         5172    .constdata          timeouts.o
    0x0800d308   0x0800d308   0x00000004   Data   RO         5643    .constdata          ip4_addr.o
    0x0800d30c   0x0800d30c   0x00000081   Data   RO         6320    .constdata          mc_w.l(ctype_o.o)
    0x0800d38d   0x0800d38d   0x00000003   PAD
    0x0800d390   0x0800d390   0x00000004   Data   RO         6321    .constdata          mc_w.l(ctype_o.o)
    0x0800d394   0x0800d394   0x00000075   Data   RO         4645    .conststring        tcp.o
    0x0800d409   0x0800d409   0x00000003   PAD
    0x0800d40c   0x0800d40c   0x00000055   Data   RO         5026    .conststring        tcp_out.o
    0x0800d461   0x0800d461   0x00000003   PAD
    0x0800d464   0x0800d464   0x00000041   Data   RO         5427    .conststring        etharp.o
    0x0800d4a5   0x0800d4a5   0x00000003   PAD
    0x0800d4a8   0x0800d4a8   0x00000020   Data   RO         6682    Region$$Table       anon$$obj.o


    Execution Region RW_IRAM1 (Exec base: 0x20000000, Load base: 0x0800d4c8, Size: 0x0000a3c0, Max: 0x0001c000, ABSOLUTE)

    Exec Addr    Load Addr    Size         Type   Attr      Idx    E Section Name        Object

    0x20000000   0x0800d4c8   0x0000000c   Data   RW           16    .data               main.o
    0x2000000c   0x0800d4d4   0x0000000c   Data   RW         1390    .data               stm32f4xx_hal.o
    0x20000018   0x0800d4e0   0x00000004   Data   RW         2338    .data               system_stm32f4xx.o
    0x2000001c   0x0800d4e4   0x00000018   Data   RW         2392    .data               ethernetif.o
    0x20000034   0x0800d4fc   0x00000004   Data   RW         2393    .data               ethernetif.o
    0x20000038   0x0800d500   0x0000001c   Data   RW         2521    .data               lwip.o
    0x20000054   0x0800d51c   0x0000000c   Data   RW         3912    .data               mem.o
    0x20000060   0x0800d528   0x00000004   Data   RW         4004    .data               memp.o
    0x20000064   0x0800d52c   0x00000004   Data   RW         4005    .data               memp.o
    0x20000068   0x0800d530   0x00000004   Data   RW         4006    .data               memp.o
    0x2000006c   0x0800d534   0x00000004   Data   RW         4007    .data               memp.o
    0x20000070   0x0800d538   0x00000004   Data   RW         4008    .data               memp.o
    0x20000074   0x0800d53c   0x00000004   Data   RW         4009    .data               memp.o
    0x20000078   0x0800d540   0x00000004   Data   RW         4010    .data               memp.o
    0x2000007c   0x0800d544   0x00000004   Data   RW         4011    .data               memp.o
    0x20000080   0x0800d548   0x00000004   Data   RW         4012    .data               memp.o
    0x20000084   0x0800d54c   0x0000000c   Data   RW         4136    .data               netif.o
    0x20000090   0x0800d558   0x00000001   Data   RW         4334    .data               pbuf.o
    0x20000091   0x0800d559   0x00000003   PAD
    0x20000094   0x0800d55c   0x00000020   Data   RW         4646    .data               tcp.o
    0x200000b4   0x0800d57c   0x00000024   Data   RW         4925    .data               tcp_in.o
    0x200000d8   0x0800d5a0   0x0000000c   Data   RW         5174    .data               timeouts.o
    0x200000e4   0x0800d5ac   0x00000008   Data   RW         5267    .data               udp.o
    0x200000ec   0x0800d5b4   0x00000001   Data   RW         5428    .data               etharp.o
    0x200000ed   0x0800d5b5   0x00000001   PAD
    0x200000ee   0x0800d5b6   0x00000002   Data   RW         5587    .data               ip4.o
    0x200000f0   0x0800d5b8   0x00000008   Data   RW         5714    .data               ip4_frag.o
    0x200000f8   0x0800d5c0   0x0000000c   Data   RW         6195    .data               tcpclient.o
    0x20000104   0x0800d5cc   0x00000004   Data   RW         6265    .data               tcpserver.o
    0x20000108   0x0800d5d0   0x00000004   Data   RW         6348    .data               mc_w.l(rand.o)
    0x2000010c   0x0800d5d4   0x00000004   Data   RW         6645    .data               mc_w.l(stdout.o)
    0x20000110        -       0x00000048   Zero   RW          328    .bss                usart.o
    0x20000158        -       0x00004983   Zero   RW         2389    .bss                ethernetif.o
    0x20004adb   0x0800d5d8   0x00000001   PAD
    0x20004adc        -       0x00000248   Zero   RW         2390    .bss                ethernetif.o
    0x20004d24        -       0x00000034   Zero   RW         2520    .bss                lwip.o
    0x20004d58        -       0x00000018   Zero   RW         3872    .bss                ip.o
    0x20004d70        -       0x00000653   Zero   RW         3911    .bss                mem.o
    0x200053c3        -       0x00000083   Zero   RW         3985    .bss                memp.o
    0x20005446        -       0x0000030f   Zero   RW         3986    .bss                memp.o
    0x20005755        -       0x000000e3   Zero   RW         3987    .bss                memp.o
    0x20005838        -       0x00000103   Zero   RW         3988    .bss                memp.o
    0x2000593b        -       0x000000a3   Zero   RW         3989    .bss                memp.o
    0x200059de        -       0x0000016b   Zero   RW         3990    .bss                memp.o
    0x20005b49        -       0x00000033   Zero   RW         3991    .bss                memp.o
    0x20005b7c        -       0x00000103   Zero   RW         3992    .bss                memp.o
    0x20005c7f        -       0x00002603   Zero   RW         3993    .bss                memp.o
    0x20008282   0x0800d5d8   0x00000002   PAD
    0x20008284        -       0x00000010   Zero   RW         4924    .bss                tcp_in.o
    0x20008294        -       0x000000f0   Zero   RW         5426    .bss                etharp.o
    0x20008384        -       0x00000010   Zero   RW         5642    .bss                ip4_addr.o
    0x20008394        -       0x00000028   Zero   RW         6264    .bss                tcpserver.o
    0x200083bc   0x0800d5d8   0x00000004   PAD
    0x200083c0        -       0x00002000   Zero   RW            1    STACK               startup_stm32f407xx.o


    Execution Region RW_IRAM2 (Exec base: 0x2001c000, Load base: 0x0800d5d8, Size: 0x00000000, Max: 0x00004000, ABSOLUTE)

    **** No section assigned to this execution region ****


==============================================================================

Image component sizes


      Code (inc. data)   RO Data    RW Data    ZI Data      Debug   Object Name

         0          0          0          0          0       2232   auth.o
         0          0          0          0          0       2138   bridgeif.o
         0          0          0          0          0        408   bridgeif_fdb.o
         8          0          0          0          0       1178   def.o
      2936       1186         65          1        240      13323   etharp.o
       412        154         12          0          0       2882   ethernet.o
      1158        186         12         28      19403      20750   ethernetif.o
       180         12          0          0          0       1091   gpio.o
       776        350          0          0          0       4654   icmp.o
        30          0          0          0          0       2664   init.o
         0          0          0          0         24       7917   ip.o
       918        184          0          2          0       5888   ip4.o
       574        124          4          0         16      13481   ip4_addr.o
      2904       1164          0          8          0      12146   ip4_frag.o
       288          0          0          0          0       2922   lan8742.o
       358         32          0         28         52       2749   lwip.o
       596        282          0         12          0     709020   main.o
      1940        926          0         12       1619       7757   mem.o
       990        718        144         36      11967      11914   memp.o
      1782        996          0         12          0      16696   netif.o
      3310       1792          0          1          0      28318   pbuf.o
        36          8        392          0       8192        872   startup_stm32f407xx.o
       180         28          0         12          0       9697   stm32f4xx_hal.o
       172         14          0          0          0      33330   stm32f4xx_hal_cortex.o
      2792         48          0          0          0      23319   stm32f4xx_hal_eth.o
       522         46          0          0          0       2981   stm32f4xx_hal_gpio.o
        48          6          0          0          0        930   stm32f4xx_hal_msp.o
      1356         78          0          0          0       5992   stm32f4xx_hal_rcc.o
       720         10          0          0          0       5072   stm32f4xx_hal_uart.o
        20          0          0          0          0       4490   stm32f4xx_it.o
        16          4         24          4          0       1235   system_stm32f4xx.o
      8298       4104        201         32          0      49212   tcp.o
      6910       2036          0         36         16      23203   tcp_in.o
      8536       4058         85          0          0      35906   tcp_out.o
       888        512          0         12          0       9430   tcpclient.o
       844        460          0          4         40       5454   tcpserver.o
       736        372         24         12          0       7198   timeouts.o
       832        354          0          8          0       6152   udp.o
       188         26          0          0         72       2514   usart.o

    ----------------------------------------------------------------------
     52300      20270       1004        264      41648    1097115   Object Totals
         0          0         32          0          0          0   (incl. Generated)
        46          0          9          4          7          0   (incl. Padding)

    ----------------------------------------------------------------------

      Code (inc. data)   RO Data    RW Data    ZI Data      Debug   Library Member Name

         8          4        133          0          0         68   ctype_o.o
         0          0          0          0          0          0   entry.o
         0          0          0          0          0          0   entry10a.o
         0          0          0          0          0          0   entry11a.o
         4          0          0          0          0          0   entry12b.o
         8          4          0          0          0          0   entry2.o
         4          0          0          0          0          0   entry5.o
         0          0          0          0          0          0   entry7b.o
         0          0          0          0          0          0   entry8b.o
         8          4          0          0          0          0   entry9a.o
        30          0          0          0          0          0   handlers.o
        36          8          0          0          0         68   init.o
        30          0          0          0          0         68   llshl.o
        32          0          0          0          0         68   llushr.o
        26          0          0          0          0         80   memcmp.o
        64          0          0          0          0         76   memmovea.o
        36          0          0          0          0        108   memseta.o
       546         18          0          0          0        340   printf3.o
        36         10          0          4          0        136   rand.o
         0          0          0          4          0          0   stdout.o
        14          0          0          0          0         68   strlen.o
        44          0          0          0          0         80   uidiv.o
        98          0          0          0          0         92   uldiv.o

    ----------------------------------------------------------------------
      1032         48        136          8          0       1252   Library Totals
         8          0          3          0          0          0   (incl. Padding)

    ----------------------------------------------------------------------

      Code (inc. data)   RO Data    RW Data    ZI Data      Debug   Library Name

      1024         48        133          8          0       1252   mc_w.l

    ----------------------------------------------------------------------
      1032         48        136          8          0       1252   Library Totals

    ----------------------------------------------------------------------

==============================================================================


      Code (inc. data)   RO Data    RW Data    ZI Data      Debug   

     53332      20318       1140        272      41648    1071951   Grand Totals
     53332      20318       1140        272      41648    1071951   ELF Image Totals
     53332      20318       1140        272          0          0   ROM Totals

==============================================================================

    Total RO  Size (Code + RO Data)                54472 (  53.20kB)
    Total RW  Size (RW Data + ZI Data)             41920 (  40.94kB)
    Total ROM Size (Code + RO Data + RW Data)      54744 (  53.46kB)

==============================================================================

